Archive member included because of file (symbol)

../../Common/drivers/LuminaryMicro/arm-none-eabi-gcc/libdriver.a(ethernet.o)
                              ./webserver/emac.o (EthernetInitExpClk)
../../Common/drivers/LuminaryMicro/arm-none-eabi-gcc/libdriver.a(flash.o)
                              ./webserver/uIP_Task.o (FlashUserGet)
../../Common/drivers/LuminaryMicro/arm-none-eabi-gcc/libdriver.a(gpio.o)
                              main.o (GPIODirModeSet)
../../Common/drivers/LuminaryMicro/arm-none-eabi-gcc/libdriver.a(interrupt.o)
                              ../../Common/drivers/LuminaryMicro/arm-none-eabi-gcc/libdriver.a(ethernet.o) (IntRegister)
../../Common/drivers/LuminaryMicro/arm-none-eabi-gcc/libdriver.a(ssi.o)
                              rit128x96x4.o (SSIConfigSetExpClk)
../../Common/drivers/LuminaryMicro/arm-none-eabi-gcc/libdriver.a(sysctl.o)
                              main.o (SysCtlPeripheralPresent)
../../Common/drivers/LuminaryMicro/arm-none-eabi-gcc/libdriver.a(timer.o)
                              timertest.o (TimerEnable)
../../Common/drivers/LuminaryMicro/arm-none-eabi-gcc/libdriver.a(cpu.o)
                              ../../Common/drivers/LuminaryMicro/arm-none-eabi-gcc/libdriver.a(interrupt.o) (CPUcpsid)
../../Common/drivers/LuminaryMicro/arm-none-eabi-gcc/libgr.a(context.o)
                              formike128x128x16.o (GrContextInit)
../../Common/drivers/LuminaryMicro/arm-none-eabi-gcc/libgr.a(fontcmss12.o)
                              formike128x128x16.o (g_sFontCmss12)
../../Common/drivers/LuminaryMicro/arm-none-eabi-gcc/libgr.a(image.o)
                              formike128x128x16.o (GrImageDraw)
../../Common/drivers/LuminaryMicro/arm-none-eabi-gcc/libgr.a(rectangle.o)
                              formike128x128x16.o (GrRectFill)
../../Common/drivers/LuminaryMicro/arm-none-eabi-gcc/libgr.a(string.o)
                              formike128x128x16.o (GrStringDraw)
../../Common/drivers/LuminaryMicro/arm-none-eabi-gcc/libgr.a(line.o)
                              ../../Common/drivers/LuminaryMicro/arm-none-eabi-gcc/libgr.a(rectangle.o) (GrLineDrawH)
/opt/arm-2011.03/bin/../lib/gcc/arm-none-eabi/4.5.2/../../../../arm-none-eabi/lib/thumb2/libc.a(lib_a-memcmp.o)
                              ../../../Source/tasks.o (memcmp)
/opt/arm-2011.03/bin/../lib/gcc/arm-none-eabi/4.5.2/../../../../arm-none-eabi/lib/thumb2/libc.a(lib_a-memcpy.o)
                              ustdlib.o (memcpy)
/opt/arm-2011.03/bin/../lib/gcc/arm-none-eabi/4.5.2/../../../../arm-none-eabi/lib/thumb2/libc.a(lib_a-memset.o)
                              ../../Common/Minimal/IntQueue.o (memset)
/opt/arm-2011.03/bin/../lib/gcc/arm-none-eabi/4.5.2/../../../../arm-none-eabi/lib/thumb2/libc.a(lib_a-strcat.o)
                              ./webserver/httpd-cgi.o (strcat)
/opt/arm-2011.03/bin/../lib/gcc/arm-none-eabi/4.5.2/../../../../arm-none-eabi/lib/thumb2/libc.a(lib_a-strchr.o)
                              ./webserver/uIP_Task.o (strchr)
/opt/arm-2011.03/bin/../lib/gcc/arm-none-eabi/4.5.2/../../../../arm-none-eabi/lib/thumb2/libc.a(lib_a-strcpy.o)
                              ./webserver/uIP_Task.o (strcpy)
/opt/arm-2011.03/bin/../lib/gcc/arm-none-eabi/4.5.2/../../../../arm-none-eabi/lib/thumb2/libc.a(lib_a-strlen.o)
                              formike128x128x16.o (strlen)
/opt/arm-2011.03/bin/../lib/gcc/arm-none-eabi/4.5.2/../../../../arm-none-eabi/lib/thumb2/libc.a(lib_a-strncmp.o)
                              ./webserver/httpd.o (strncmp)
/opt/arm-2011.03/bin/../lib/gcc/arm-none-eabi/4.5.2/../../../../arm-none-eabi/lib/thumb2/libc.a(lib_a-strncpy.o)
                              ustdlib.o (strncpy)
/opt/arm-2011.03/bin/../lib/gcc/arm-none-eabi/4.5.2/../../../../arm-none-eabi/lib/thumb2/libc.a(lib_a-strrchr.o)
                              ./webserver/httpd.o (strrchr)
/opt/arm-2011.03/bin/../lib/gcc/arm-none-eabi/4.5.2/../../../../arm-none-eabi/lib/thumb2/libc.a(lib_a-strstr.o)
                              ./webserver/uIP_Task.o (strstr)
/opt/arm-2011.03/bin/../lib/gcc/arm-none-eabi/4.5.2/../../../../arm-none-eabi/lib/thumb2/libc.a(lib_a-memchr.o)
                              /opt/arm-2011.03/bin/../lib/gcc/arm-none-eabi/4.5.2/../../../../arm-none-eabi/lib/thumb2/libc.a(lib_a-strstr.o) (memchr)

Allocating common symbols
Common symbol       size              file

uip_len             0x2               ../../Common/ethernet/uIP/uip-1.0/uip/uip.o
xOLEDQueue          0x4               main.o
pcStatus            0x4               ./webserver/httpd-cgi.o
xHighPriorityTask   0x4               ../../Common/Minimal/QPeek.o
uip_sappdata        0x4               ../../Common/ethernet/uIP/uip-1.0/uip/uip.o
uip_acc32           0x4               ../../Common/ethernet/uIP/uip-1.0/uip/uip.o
xMediumPriorityTask
                    0x4               ../../Common/Minimal/QPeek.o
xQueueRegistry      0x50              ../../../Source/queue.o
[...]
Memory Configuration

Name             Origin             Length             Attributes
FLASH            0x00000000         0x00040000         xr
SRAM             0x20000000         0x00010000         xrw
*default*        0x00000000         0xffffffff

Linker script and memory map

LOAD main.o
LOAD timertest.o
LOAD ./ParTest/ParTest.o
LOAD rit128x96x4.o
LOAD osram128x64x4.o
LOAD formike128x128x16.o
LOAD ustdlib.o
LOAD ../../Common/Minimal/BlockQ.o
LOAD ../../Common/Minimal/blocktim.o
LOAD ../../Common/Minimal/death.o
LOAD ../../Common/Minimal/integer.o
LOAD ../../Common/Minimal/PollQ.o
LOAD ../../Common/Minimal/semtest.o
LOAD ../../Common/Minimal/GenQTest.o
LOAD ../../Common/Minimal/QPeek.o
LOAD ../../Common/Minimal/recmutex.o
LOAD ../../Common/Minimal/IntQueue.o
LOAD ./IntQueueTimer.o
LOAD ./webserver/uIP_Task.o
LOAD ./webserver/emac.o
LOAD ./webserver/httpd.o
LOAD ./webserver/httpd-cgi.o
LOAD ./webserver/httpd-fs.o
LOAD ./webserver/http-strings.o
LOAD ../../Common/ethernet/uIP/uip-1.0/uip/uip_arp.o
LOAD ../../Common/ethernet/uIP/uip-1.0/uip/psock.o
LOAD ../../Common/ethernet/uIP/uip-1.0/uip/timer.o
LOAD ../../Common/ethernet/uIP/uip-1.0/uip/uip.o
LOAD ../../../Source/list.o
LOAD ../../../Source/queue.o
LOAD ../../../Source/tasks.o
LOAD ../../../Source/portable/GCC/ARM_CM3/port.o
LOAD ../../../Source/portable/MemMang/heap_2.o
LOAD startup.o
LOAD ../../Common/drivers/LuminaryMicro/arm-none-eabi-gcc/libdriver.a
LOAD ../../Common/drivers/LuminaryMicro/arm-none-eabi-gcc/libgr.a
START GROUP
LOAD /opt/arm-2011.03/bin/../lib/gcc/arm-none-eabi/4.5.2/thumb2/libgcc.a
LOAD /opt/arm-2011.03/bin/../lib/gcc/arm-none-eabi/4.5.2/../../../../arm-none-eabi/lib/thumb2/libc.a
END GROUP

.text           0x00000000    0x127f8
 *(.isr_vector)
 .isr_vector    0x00000000       0xf0 startup.o
                0x00000000                g_pfnVectors
 *(.text*)
 .text          0x000000f0        0x0 main.o
 .text.main     0x000000f0       0xe0 main.o
                0x000000f0                main
 .text.prvSetupHardware
                0x000001d0       0x60 main.o
 .text.vApplicationTickHook
                0x00000230      0x150 main.o
                0x00000230                vApplicationTickHook
 .text.vOLEDTask
                0x00000380      0x1ac main.o
 .text.vApplicationStackOverflowHook
                0x0000052c        0xc main.o
                0x0000052c                vApplicationStackOverflowHook
 .text          0x00000538        0x0 timertest.o
 .text.vSetupHighFrequencyTimer
                0x00000538       0x98 timertest.o
                0x00000538                vSetupHighFrequencyTimer
 .text.Timer0IntHandler
                0x000005d0       0x7c timertest.o
                0x000005d0                Timer0IntHandler
 .text          0x0000064c        0x0 ./ParTest/ParTest.o
 .text.vParTestInitialise
                0x0000064c       0x38 ./ParTest/ParTest.o
                0x0000064c                vParTestInitialise
 .text.vParTestSetLED
                0x00000684       0x28 ./ParTest/ParTest.o
                0x00000684                vParTestSetLED
 .text.uxParTestGetLED
                0x000006ac       0x24 ./ParTest/ParTest.o
                0x000006ac                uxParTestGetLED
 .text          0x000006d0        0x0 rit128x96x4.o
 .text.RITWriteCommand
                0x000006d0       0xd0 rit128x96x4.o
 .text.RITWriteData
                0x000007a0       0xd0 rit128x96x4.o
 .text.RIT128x96x4Clear
                0x00000870       0x88 rit128x96x4.o
                0x00000870                RIT128x96x4Clear
 .text.RIT128x96x4StringDraw
                0x000008f8      0x18c rit128x96x4.o
                0x000008f8                RIT128x96x4StringDraw
 .text.RIT128x96x4ImageDraw
                0x00000a84       0xc0 rit128x96x4.o
                0x00000a84                RIT128x96x4ImageDraw
 .text.RIT128x96x4Enable
                0x00000b44       0x88 rit128x96x4.o
                0x00000b44                RIT128x96x4Enable
 .text.RIT128x96x4Disable
                0x00000bcc       0x84 rit128x96x4.o
                0x00000bcc                RIT128x96x4Disable
 .text.RIT128x96x4Init
                0x00000c50       0xf4 rit128x96x4.o
                0x00000c50                RIT128x96x4Init
 .text.RIT128x96x4DisplayOn
                0x00000d44       0x54 rit128x96x4.o
                0x00000d44                RIT128x96x4DisplayOn
 .text.RIT128x96x4DisplayOff
                0x00000d98       0x14 rit128x96x4.o
                0x00000d98                RIT128x96x4DisplayOff
 .text          0x00000dac        0x0 osram128x64x4.o
 .text.OSRAMWriteCommand
                0x00000dac       0x6c osram128x64x4.o
 .text.OSRAMWriteData
                0x00000e18       0x6c osram128x64x4.o
 .text.OSRAM128x64x4Clear
                0x00000e84       0x74 osram128x64x4.o
                0x00000e84                OSRAM128x64x4Clear
 .text.OSRAM128x64x4StringDraw
                0x00000ef8      0x198 osram128x64x4.o
                0x00000ef8                OSRAM128x64x4StringDraw
 .text.OSRAM128x64x4ImageDraw
                0x00001090       0xc0 osram128x64x4.o
                0x00001090                OSRAM128x64x4ImageDraw
 .text.OSRAM128x64x4Enable
                0x00001150       0x80 osram128x64x4.o
                0x00001150                OSRAM128x64x4Enable
 .text.OSRAM128x64x4Disable
                0x000011d0       0x6c osram128x64x4.o
                0x000011d0                OSRAM128x64x4Disable
 .text.OSRAM128x64x4Init
                0x0000123c       0xf8 osram128x64x4.o
                0x0000123c                OSRAM128x64x4Init
 .text.OSRAM128x64x4DisplayOn
                0x00001334       0x54 osram128x64x4.o
                0x00001334                OSRAM128x64x4DisplayOn
 .text.OSRAM128x64x4DisplayOff
                0x00001388       0x14 osram128x64x4.o
                0x00001388                OSRAM128x64x4DisplayOff
 .text          0x0000139c        0x0 formike128x128x16.o
 .text.WriteData
                0x0000139c       0x34 formike128x128x16.o
 .text.WriteCommand
                0x000013d0       0x48 formike128x128x16.o
 .text.Formike128x128x16Init
                0x00001418      0x234 formike128x128x16.o
                0x00001418                Formike128x128x16Init
 .text.Formike128x128x16BacklightOn
                0x0000164c       0x18 formike128x128x16.o
                0x0000164c                Formike128x128x16BacklightOn
 .text.Formike128x128x16BacklightOff
                0x00001664       0x18 formike128x128x16.o
                0x00001664                Formike128x128x16BacklightOff
 .text.Formike128x128x16PixelDraw
                0x0000167c       0x7c formike128x128x16.o
 .text.Formike128x128x16PixelDrawMultiple
                0x000016f8      0x274 formike128x128x16.o
 .text.Formike128x128x16Flush
                0x0000196c       0x14 formike128x128x16.o
 .text.Formike128x128x16LineDrawH
                0x00001980       0x98 formike128x128x16.o
 .text.Formike128x128x16LineDrawV
                0x00001a18       0x98 formike128x128x16.o
 .text.Formike128x128x16RectFill
                0x00001ab0       0xbc formike128x128x16.o
 .text.Formike128x128x16ColorTranslate
                0x00001b6c       0x40 formike128x128x16.o
 .text.vFormike128x128x16Clear
                0x00001bac       0x68 formike128x128x16.o
                0x00001bac                vFormike128x128x16Clear
 .text.vFormike128x128x16StringDraw
                0x00001c14       0x58 formike128x128x16.o
                0x00001c14                vFormike128x128x16StringDraw
 .text.vFormike128x128x16Init
                0x00001c6c       0x94 formike128x128x16.o
                0x00001c6c                vFormike128x128x16Init
 .text.vFormike128x128x16ImageDraw
                0x00001d00       0x28 formike128x128x16.o
                0x00001d00                vFormike128x128x16ImageDraw
 .text          0x00001d28        0x0 ustdlib.o
 .text.uvsnprintf
                0x00001d28      0x4e8 ustdlib.o
                0x00001d28                uvsnprintf
 .text.usprintf
                0x00002210       0x34 ustdlib.o
                0x00002210                usprintf
 .text.usnprintf
                0x00002244       0x34 ustdlib.o
                0x00002244                usnprintf
 .text          0x00002278        0x0 ../../Common/Minimal/BlockQ.o
 .text.vStartBlockingQueueTasks
                0x00002278      0x224 ../../Common/Minimal/BlockQ.o
                0x00002278                vStartBlockingQueueTasks
 .text.vBlockingQueueProducer
                0x0000249c       0x64 ../../Common/Minimal/BlockQ.o
 .text.vBlockingQueueConsumer
                0x00002500       0x74 ../../Common/Minimal/BlockQ.o
 .text.xAreBlockingQueuesStillRunning
                0x00002574       0xa4 ../../Common/Minimal/BlockQ.o
                0x00002574                xAreBlockingQueuesStillRunning
 .text          0x00002618        0x0 ../../Common/Minimal/blocktim.o
 .text.vCreateBlockTimeTasks
                0x00002618       0x98 ../../Common/Minimal/blocktim.o
                0x00002618                vCreateBlockTimeTasks
 .text.vPrimaryBlockTimeTestTask
                0x000026b0      0x384 ../../Common/Minimal/blocktim.o
 .text.vSecondaryBlockTimeTestTask
                0x00002a34      0x104 ../../Common/Minimal/blocktim.o
 .text.xAreBlockTimeTestTasksStillRunning
                0x00002b38       0x70 ../../Common/Minimal/blocktim.o
                0x00002b38                xAreBlockTimeTestTasksStillRunning
 .text          0x00002ba8        0x0 ../../Common/Minimal/death.o
 .text.vCreateSuicidalTasks
                0x00002ba8       0x6c ../../Common/Minimal/death.o
                0x00002ba8                vCreateSuicidalTasks
 .text.vSuicidalTask
                0x00002c14       0x60 ../../Common/Minimal/death.o
 .text.vCreateTasks
                0x00002c74       0x9c ../../Common/Minimal/death.o
 .text.xIsCreateTaskStillRunning
                0x00002d10       0x84 ../../Common/Minimal/death.o
                0x00002d10                xIsCreateTaskStillRunning
 .text          0x00002d94        0x0 ../../Common/Minimal/integer.o
 .text.vStartIntegerMathTasks
                0x00002d94       0x64 ../../Common/Minimal/integer.o
                0x00002d94                vStartIntegerMathTasks
 .text.vCompeteingIntMathTask
                0x00002df8       0x7c ../../Common/Minimal/integer.o
 .text.xAreIntegerMathsTaskStillRunning
                0x00002e74       0x58 ../../Common/Minimal/integer.o
                0x00002e74                xAreIntegerMathsTaskStillRunning
 .text          0x00002ecc        0x0 ../../Common/Minimal/PollQ.o
 .text.vStartPolledQueueTasks
                0x00002ecc       0x94 ../../Common/Minimal/PollQ.o
                0x00002ecc                vStartPolledQueueTasks
 .text.vPolledQueueProducer
                0x00002f60       0x84 ../../Common/Minimal/PollQ.o
 .text.vPolledQueueConsumer
                0x00002fe4       0x8c ../../Common/Minimal/PollQ.o
 .text.xArePollingQueuesStillRunning
                0x00003070       0x4c ../../Common/Minimal/PollQ.o
                0x00003070                xArePollingQueuesStillRunning
 .text          0x000030bc        0x0 ../../Common/Minimal/semtest.o
 .text.vStartSemaphoreTasks
                0x000030bc      0x1c0 ../../Common/Minimal/semtest.o
                0x000030bc                vStartSemaphoreTasks
 .text.prvSemaphoreTest
                0x0000327c      0x124 ../../Common/Minimal/semtest.o
 .text.xAreSemaphoreTasksStillRunning
                0x000033a0       0x6c ../../Common/Minimal/semtest.o
                0x000033a0                xAreSemaphoreTasksStillRunning
 .text          0x0000340c        0x0 ../../Common/Minimal/GenQTest.o
 .text.vStartGenericQueueTasks
                0x0000340c      0x104 ../../Common/Minimal/GenQTest.o
                0x0000340c                vStartGenericQueueTasks
 .text.prvSendFrontAndBackTest
                0x00003510      0x3b4 ../../Common/Minimal/GenQTest.o
 .text.prvLowPriorityMutexTask
                0x000038c4      0x11c ../../Common/Minimal/GenQTest.o
 .text.prvMediumPriorityMutexTask
                0x000039e0       0x24 ../../Common/Minimal/GenQTest.o
 .text.prvHighPriorityMutexTask
                0x00003a04       0x60 ../../Common/Minimal/GenQTest.o
 .text.xAreGenericQueueTasksStillRunning
                0x00003a64       0x64 ../../Common/Minimal/GenQTest.o
                0x00003a64                xAreGenericQueueTasksStillRunning
 .text          0x00003ac8        0x0 ../../Common/Minimal/QPeek.o
 .text.vStartQueuePeekTasks
                0x00003ac8       0xf0 ../../Common/Minimal/QPeek.o
                0x00003ac8                vStartQueuePeekTasks
 .text.prvHighestPriorityPeekTask
                0x00003bb8      0x124 ../../Common/Minimal/QPeek.o
 .text.prvHighPriorityPeekTask
                0x00003cdc       0xa4 ../../Common/Minimal/QPeek.o
 .text.prvMediumPriorityPeekTask
                0x00003d80       0x74 ../../Common/Minimal/QPeek.o
 .text.prvLowPriorityPeekTask
                0x00003df4      0x13c ../../Common/Minimal/QPeek.o
 .text.xAreQueuePeekTasksStillRunning
                0x00003f30       0x40 ../../Common/Minimal/QPeek.o
                0x00003f30                xAreQueuePeekTasksStillRunning
 .text          0x00003f70        0x0 ../../Common/Minimal/recmutex.o
 .text.vStartRecursiveMutexTasks
                0x00003f70       0xcc ../../Common/Minimal/recmutex.o
                0x00003f70                vStartRecursiveMutexTasks
 .text.prvRecursiveMutexControllingTask
                0x0000403c       0xe0 ../../Common/Minimal/recmutex.o
 .text.prvRecursiveMutexBlockingTask
                0x0000411c       0xa8 ../../Common/Minimal/recmutex.o
 .text.prvRecursiveMutexPollingTask
                0x000041c4       0xac ../../Common/Minimal/recmutex.o
 .text.xAreRecursiveMutexTasksStillRunning
                0x00004270       0xa0 ../../Common/Minimal/recmutex.o
                0x00004270                xAreRecursiveMutexTasksStillRunning
 .text          0x00004310        0x0 ../../Common/Minimal/IntQueue.o
 .text.vStartInterruptQueueTasks
                0x00004310      0x184 ../../Common/Minimal/IntQueue.o
                0x00004310                vStartInterruptQueueTasks
 .text.prvRecordValue_NormallyFull
                0x00004494       0x3c ../../Common/Minimal/IntQueue.o
 .text.prvRecordValue_NormallyEmpty
                0x000044d0       0x3c ../../Common/Minimal/IntQueue.o
 .text.prvQueueAccessLogError
                0x0000450c       0x28 ../../Common/Minimal/IntQueue.o
 .text.prvHigherPriorityNormallyEmptyTask
                0x00004534      0x16c ../../Common/Minimal/IntQueue.o
 .text.prvLowerPriorityNormallyEmptyTask
                0x000046a0       0xcc ../../Common/Minimal/IntQueue.o
 .text.prv1stHigherPriorityNormallyFullTask
                0x0000476c      0x140 ../../Common/Minimal/IntQueue.o
 .text.prv2ndHigherPriorityNormallyFullTask
                0x000048ac       0xb4 ../../Common/Minimal/IntQueue.o
 .text.prvLowerPriorityNormallyFullTask
                0x00004960       0xb8 ../../Common/Minimal/IntQueue.o
 .text.xFirstTimerHandler
                0x00004a18      0x194 ../../Common/Minimal/IntQueue.o
                0x00004a18                xFirstTimerHandler
 .text.xSecondTimerHandler
                0x00004bac      0x274 ../../Common/Minimal/IntQueue.o
                0x00004bac                xSecondTimerHandler
 .text.xAreIntQueueTasksStillRunning
                0x00004e20       0xa0 ../../Common/Minimal/IntQueue.o
                0x00004e20                xAreIntQueueTasksStillRunning
 .text          0x00004ec0        0x0 ./IntQueueTimer.o
 .text.vInitialiseTimerForIntQueueTest
                0x00004ec0       0xbc ./IntQueueTimer.o
                0x00004ec0                vInitialiseTimerForIntQueueTest
 .text.vT2InterruptHandler
                0x00004f7c       0x24 ./IntQueueTimer.o
                0x00004f7c                vT2InterruptHandler
 .text.vT3InterruptHandler
                0x00004fa0       0x24 ./IntQueueTimer.o
                0x00004fa0                vT3InterruptHandler
 .text          0x00004fc4        0x0 ./webserver/uIP_Task.o
 .text.clock_init
                0x00004fc4        0xc ./webserver/uIP_Task.o
                0x00004fc4                clock_init
 .text.clock_time
                0x00004fd0       0x10 ./webserver/uIP_Task.o
                0x00004fd0                clock_time
 .text.vuIP_Task
                0x00004fe0      0x1d0 ./webserver/uIP_Task.o
                0x00004fe0                vuIP_Task
 .text.prvENET_Send
                0x000051b0       0x1c ./webserver/uIP_Task.o
 .text.prvSetMACAddress
                0x000051cc       0xa4 ./webserver/uIP_Task.o
 .text.vApplicationProcessFormInput
                0x00005270       0xd0 ./webserver/uIP_Task.o
                0x00005270                vApplicationProcessFormInput
 .text          0x00005340        0x0 ./webserver/emac.o
 .text.vInitEMAC
                0x00005340      0x11c ./webserver/emac.o
                0x00005340                vInitEMAC
 .text.uiGetEMACRxData
                0x0000545c       0x7c ./webserver/emac.o
                0x0000545c                uiGetEMACRxData
 .text.vInitialiseSend
                0x000054d8       0x18 ./webserver/emac.o
                0x000054d8                vInitialiseSend
 .text.vIncrementTxLength
                0x000054f0       0x24 ./webserver/emac.o
                0x000054f0                vIncrementTxLength
 .text.vSendBufferToMAC
                0x00005514       0x88 ./webserver/emac.o
                0x00005514                vSendBufferToMAC
 .text.vEMAC_ISR
                0x0000559c       0x68 ./webserver/emac.o
                0x0000559c                vEMAC_ISR
 .text.vMACHandleTask
                0x00005604      0x138 ./webserver/emac.o
                0x00005604                vMACHandleTask
 .text          0x0000573c        0x0 ./webserver/httpd.o
 .text.generate_part_of_file
                0x0000573c       0x6c ./webserver/httpd.o
 .text.send_file
                0x000057a8       0x94 ./webserver/httpd.o
 .text.send_part_of_file
                0x0000583c       0x68 ./webserver/httpd.o
 .text.next_scriptstate
                0x000058a4       0x50 ./webserver/httpd.o
 .text.handle_script
                0x000058f4      0x218 ./webserver/httpd.o
 .text.send_headers
                0x00005b0c      0x290 ./webserver/httpd.o
 .text.handle_output
                0x00005d9c      0x168 ./webserver/httpd.o
 .text.handle_input
                0x00005f04      0x1d0 ./webserver/httpd.o
 .text.handle_connection
                0x000060d4       0x28 ./webserver/httpd.o
 .text.httpd_appcall
                0x000060fc       0xf0 ./webserver/httpd.o
                0x000060fc                httpd_appcall
 .text.httpd_init
                0x000061ec       0x10 ./webserver/httpd.o
                0x000061ec                httpd_init
 .text          0x000061fc        0x0 ./webserver/httpd-cgi.o
 .text.nullfunction
                0x000061fc       0x30 ./webserver/httpd-cgi.o
 .text.httpd_cgi
                0x0000622c       0x60 ./webserver/httpd-cgi.o
                0x0000622c                httpd_cgi
 .text.generate_file_stats
                0x0000628c       0x3c ./webserver/httpd-cgi.o
 .text.file_stats
                0x000062c8       0x74 ./webserver/httpd-cgi.o
 .text.generate_tcp_stats
                0x0000633c      0x11c ./webserver/httpd-cgi.o
 .text.tcp_stats
                0x00006458       0xb0 ./webserver/httpd-cgi.o
 .text.generate_net_stats
                0x00006508       0x48 ./webserver/httpd-cgi.o
 .text.net_stats
                0x00006550       0x8c ./webserver/httpd-cgi.o
 .text.generate_rtos_stats
                0x000065dc       0x60 ./webserver/httpd-cgi.o
 .text.rtos_stats
                0x0000663c       0x64 ./webserver/httpd-cgi.o
 .text.generate_io_state
                0x000066a0       0x64 ./webserver/httpd-cgi.o
 .text.generate_runtime_stats
                0x00006704       0x60 ./webserver/httpd-cgi.o
 .text.run_time
                0x00006764       0x68 ./webserver/httpd-cgi.o
 .text.led_io   0x000067cc       0x68 ./webserver/httpd-cgi.o
 .text          0x00006834        0x0 ./webserver/httpd-fs.o
 .text.httpd_fs_strcmp
                0x00006834       0x6c ./webserver/httpd-fs.o
 .text.httpd_fs_open
                0x000068a0       0x7c ./webserver/httpd-fs.o
                0x000068a0                httpd_fs_open
 .text.httpd_fs_init
                0x0000691c       0x38 ./webserver/httpd-fs.o
                0x0000691c                httpd_fs_init
 .text.httpd_fs_count
                0x00006954       0x5c ./webserver/httpd-fs.o
                0x00006954                httpd_fs_count
 .text          0x000069b0        0x0 ./webserver/http-strings.o
 .text          0x000069b0        0x0 ../../Common/ethernet/uIP/uip-1.0/uip/uip_arp.o
 .text.uip_arp_init
                0x000069b0       0x54 ../../Common/ethernet/uIP/uip-1.0/uip/uip_arp.o
                0x000069b0                uip_arp_init
 .text.uip_arp_timer
                0x00006a04       0x94 ../../Common/ethernet/uIP/uip-1.0/uip/uip_arp.o
                0x00006a04                uip_arp_timer
 .text.uip_arp_update
                0x00006a98      0x1a4 ../../Common/ethernet/uIP/uip-1.0/uip/uip_arp.o
 .text.uip_arp_ipin
                0x00006c3c       0x88 ../../Common/ethernet/uIP/uip-1.0/uip/uip_arp.o
                0x00006c3c                uip_arp_ipin
 .text.uip_arp_arpin
                0x00006cc4      0x19c ../../Common/ethernet/uIP/uip-1.0/uip/uip_arp.o
                0x00006cc4                uip_arp_arpin
 .text.uip_arp_out
                0x00006e60      0x2b4 ../../Common/ethernet/uIP/uip-1.0/uip/uip_arp.o
                0x00006e60                uip_arp_out
 .text          0x00007114        0x0 ../../Common/ethernet/uIP/uip-1.0/uip/psock.o
 .text.buf_setup
                0x00007114       0x24 ../../Common/ethernet/uIP/uip-1.0/uip/psock.o
 .text.buf_bufdata
                0x00007138      0x118 ../../Common/ethernet/uIP/uip-1.0/uip/psock.o
 .text.buf_bufto
                0x00007250       0xa0 ../../Common/ethernet/uIP/uip-1.0/uip/psock.o
 .text.send_data
                0x000072f0       0x64 ../../Common/ethernet/uIP/uip-1.0/uip/psock.o
 .text.data_acked
                0x00007354       0x74 ../../Common/ethernet/uIP/uip-1.0/uip/psock.o
 .text.psock_send
                0x000073c8       0x94 ../../Common/ethernet/uIP/uip-1.0/uip/psock.o
                0x000073c8                psock_send
 .text.psock_generator_send
                0x0000745c       0xb4 ../../Common/ethernet/uIP/uip-1.0/uip/psock.o
                0x0000745c                psock_generator_send
 .text.psock_datalen
                0x00007510       0x24 ../../Common/ethernet/uIP/uip-1.0/uip/psock.o
                0x00007510                psock_datalen
 .text.psock_newdata
                0x00007534       0x58 ../../Common/ethernet/uIP/uip-1.0/uip/psock.o
                0x00007534                psock_newdata
 .text.psock_readto
                0x0000758c       0xc4 ../../Common/ethernet/uIP/uip-1.0/uip/psock.o
                0x0000758c                psock_readto
 .text.psock_readbuf
                0x00007650       0xcc ../../Common/ethernet/uIP/uip-1.0/uip/psock.o
                0x00007650                psock_readbuf
 .text.psock_init
                0x0000771c       0x48 ../../Common/ethernet/uIP/uip-1.0/uip/psock.o
                0x0000771c                psock_init
 .text          0x00007764        0x0 ../../Common/ethernet/uIP/uip-1.0/uip/timer.o
 .text.timer_set
                0x00007764       0x24 ../../Common/ethernet/uIP/uip-1.0/uip/timer.o
                0x00007764                timer_set
 .text.timer_reset
                0x00007788       0x20 ../../Common/ethernet/uIP/uip-1.0/uip/timer.o
                0x00007788                timer_reset
 .text.timer_restart
                0x000077a8       0x1c ../../Common/ethernet/uIP/uip-1.0/uip/timer.o
                0x000077a8                timer_restart
 .text.timer_expired
                0x000077c4       0x2c ../../Common/ethernet/uIP/uip-1.0/uip/timer.o
                0x000077c4                timer_expired
 .text          0x000077f0        0x0 ../../Common/ethernet/uIP/uip-1.0/uip/uip.o
 .text.uip_setipid
                0x000077f0       0x20 ../../Common/ethernet/uIP/uip-1.0/uip/uip.o
                0x000077f0                uip_setipid
 .text.uip_add32
                0x00007810       0xdc ../../Common/ethernet/uIP/uip-1.0/uip/uip.o
                0x00007810                uip_add32
 .text.chksum   0x000078ec       0x98 ../../Common/ethernet/uIP/uip-1.0/uip/uip.o
 .text.uip_chksum
                0x00007984       0x30 ../../Common/ethernet/uIP/uip-1.0/uip/uip.o
                0x00007984                uip_chksum
 .text.uip_ipchksum
                0x000079b4       0x44 ../../Common/ethernet/uIP/uip-1.0/uip/uip.o
                0x000079b4                uip_ipchksum
 .text.upper_layer_chksum
                0x000079f8       0x94 ../../Common/ethernet/uIP/uip-1.0/uip/uip.o
 .text.uip_tcpchksum
                0x00007a8c       0x14 ../../Common/ethernet/uIP/uip-1.0/uip/uip.o
                0x00007a8c                uip_tcpchksum
 .text.uip_udpchksum
                0x00007aa0       0x14 ../../Common/ethernet/uIP/uip-1.0/uip/uip.o
                0x00007aa0                uip_udpchksum
 .text.uip_init
                0x00007ab4       0x8c ../../Common/ethernet/uIP/uip-1.0/uip/uip.o
                0x00007ab4                uip_init
 .text.uip_connect
                0x00007b40      0x164 ../../Common/ethernet/uIP/uip-1.0/uip/uip.o
                0x00007b40                uip_connect
 .text.uip_unlisten
                0x00007ca4       0x60 ../../Common/ethernet/uIP/uip-1.0/uip/uip.o
                0x00007ca4                uip_unlisten
 .text.uip_listen
                0x00007d04       0x5c ../../Common/ethernet/uIP/uip-1.0/uip/uip.o
                0x00007d04                uip_listen
 .text.uip_add_rcv_nxt
                0x00007d60       0x54 ../../Common/ethernet/uIP/uip-1.0/uip/uip.o
 .text.uip_process
                0x00007db4     0x1660 ../../Common/ethernet/uIP/uip-1.0/uip/uip.o
                0x00007db4                uip_process
 .text.htons    0x00009414       0x30 ../../Common/ethernet/uIP/uip-1.0/uip/uip.o
                0x00009414                htons
 .text.uip_send
                0x00009444       0x44 ../../Common/ethernet/uIP/uip-1.0/uip/uip.o
                0x00009444                uip_send
 .text          0x00009488        0x0 ../../../Source/list.o
 .text.vListInitialise
                0x00009488       0x48 ../../../Source/list.o
                0x00009488                vListInitialise
 .text.vListInitialiseItem
                0x000094d0       0x1c ../../../Source/list.o
                0x000094d0                vListInitialiseItem
 .text.vListInsertEnd
                0x000094ec       0x50 ../../../Source/list.o
                0x000094ec                vListInsertEnd
 .text.vListInsert
                0x0000953c       0x74 ../../../Source/list.o
                0x0000953c                vListInsert
 .text.vListRemove
                0x000095b0       0x54 ../../../Source/list.o
                0x000095b0                vListRemove
 .text          0x00009604        0x0 ../../../Source/queue.o
 .text.xQueueCreate
                0x00009604       0xd0 ../../../Source/queue.o
                0x00009604                xQueueCreate
 .text.xQueueCreateMutex
                0x000096d4       0x98 ../../../Source/queue.o
                0x000096d4                xQueueCreateMutex
 .text.xQueueGiveMutexRecursive
                0x0000976c       0x58 ../../../Source/queue.o
                0x0000976c                xQueueGiveMutexRecursive
 .text.xQueueTakeMutexRecursive
                0x000097c4       0x5c ../../../Source/queue.o
                0x000097c4                xQueueTakeMutexRecursive
 .text.xQueueGenericSend
                0x00009820      0x120 ../../../Source/queue.o
                0x00009820                xQueueGenericSend
 .text.xQueueGenericSendFromISR
                0x00009940       0x90 ../../../Source/queue.o
                0x00009940                xQueueGenericSendFromISR
 .text.xQueueGenericReceive
                0x000099d0      0x188 ../../../Source/queue.o
                0x000099d0                xQueueGenericReceive
 .text.xQueueReceiveFromISR
                0x00009b58       0x94 ../../../Source/queue.o
                0x00009b58                xQueueReceiveFromISR
 .text.uxQueueMessagesWaiting
                0x00009bec       0x24 ../../../Source/queue.o
                0x00009bec                uxQueueMessagesWaiting
 .text.uxQueueMessagesWaitingFromISR
                0x00009c10       0x1c ../../../Source/queue.o
                0x00009c10                uxQueueMessagesWaitingFromISR
 .text.vQueueDelete
                0x00009c2c       0x28 ../../../Source/queue.o
                0x00009c2c                vQueueDelete
 .text.prvCopyDataToQueue
                0x00009c54       0xc4 ../../../Source/queue.o
 .text.prvCopyDataFromQueue
                0x00009d18       0x50 ../../../Source/queue.o
 .text.prvUnlockQueue
                0x00009d68       0xa0 ../../../Source/queue.o
 .text.prvIsQueueEmpty
                0x00009e08       0x2c ../../../Source/queue.o
 .text.xQueueIsQueueEmptyFromISR
                0x00009e34       0x24 ../../../Source/queue.o
                0x00009e34                xQueueIsQueueEmptyFromISR
 .text.prvIsQueueFull
                0x00009e58       0x30 ../../../Source/queue.o
 .text.xQueueIsQueueFullFromISR
                0x00009e88       0x28 ../../../Source/queue.o
                0x00009e88                xQueueIsQueueFullFromISR
 .text.vQueueAddToRegistry
                0x00009eb0       0x54 ../../../Source/queue.o
                0x00009eb0                vQueueAddToRegistry
 .text.vQueueUnregisterQueue
                0x00009f04       0x4c ../../../Source/queue.o
 .text          0x00009f50        0x0 ../../../Source/tasks.o
 .text.xTaskGenericCreate
                0x00009f50      0x168 ../../../Source/tasks.o
                0x00009f50                xTaskGenericCreate
 .text.vTaskDelete
                0x0000a0b8       0xa4 ../../../Source/tasks.o
                0x0000a0b8                vTaskDelete
 .text.vTaskDelayUntil
                0x0000a15c       0xa0 ../../../Source/tasks.o
                0x0000a15c                vTaskDelayUntil
 .text.vTaskDelay
                0x0000a1fc       0x58 ../../../Source/tasks.o
                0x0000a1fc                vTaskDelay
 .text.uxTaskPriorityGet
                0x0000a254       0x38 ../../../Source/tasks.o
                0x0000a254                uxTaskPriorityGet
 .text.vTaskPrioritySet
                0x0000a28c      0x114 ../../../Source/tasks.o
                0x0000a28c                vTaskPrioritySet
 .text.vTaskSuspend
                0x0000a3a0       0xa4 ../../../Source/tasks.o
                0x0000a3a0                vTaskSuspend
 .text.xTaskIsTaskSuspended
                0x0000a444       0x4c ../../../Source/tasks.o
                0x0000a444                xTaskIsTaskSuspended
 .text.vTaskResume
                0x0000a490       0x9c ../../../Source/tasks.o
                0x0000a490                vTaskResume
 .text.xTaskResumeFromISR
                0x0000a52c       0xb0 ../../../Source/tasks.o
                0x0000a52c                xTaskResumeFromISR
 .text.vTaskStartScheduler
                0x0000a5dc       0x78 ../../../Source/tasks.o
                0x0000a5dc                vTaskStartScheduler
 .text.vTaskEndScheduler
                0x0000a654       0x20 ../../../Source/tasks.o
                0x0000a654                vTaskEndScheduler
 .text.vTaskSuspendAll
                0x0000a674       0x1c ../../../Source/tasks.o
                0x0000a674                vTaskSuspendAll
 .text.xTaskResumeAll
                0x0000a690      0x114 ../../../Source/tasks.o
                0x0000a690                xTaskResumeAll
 .text.xTaskGetTickCount
                0x0000a7a4       0x24 ../../../Source/tasks.o
                0x0000a7a4                xTaskGetTickCount
 .text.xTaskGetTickCountFromISR
                0x0000a7c8       0x34 ../../../Source/tasks.o
                0x0000a7c8                xTaskGetTickCountFromISR
 .text.uxTaskGetNumberOfTasks
                0x0000a7fc       0x14 ../../../Source/tasks.o
                0x0000a7fc                uxTaskGetNumberOfTasks
 .text.vTaskList
                0x0000a810      0x104 ../../../Source/tasks.o
                0x0000a810                vTaskList
 .text.vTaskGetRunTimeStats
                0x0000a914      0x114 ../../../Source/tasks.o
                0x0000a914                vTaskGetRunTimeStats
 .text.vTaskStartTrace
                0x0000aa28       0x4c ../../../Source/tasks.o
                0x0000aa28                vTaskStartTrace
 .text.ulTaskEndTrace
                0x0000aa74       0x3c ../../../Source/tasks.o
                0x0000aa74                ulTaskEndTrace
 .text.vTaskIncrementTick
                0x0000aab0      0x14c ../../../Source/tasks.o
                0x0000aab0                vTaskIncrementTick
 .text.vTaskSwitchContext
                0x0000abfc      0x1a0 ../../../Source/tasks.o
                0x0000abfc                vTaskSwitchContext
 .text.vTaskPlaceOnEventList
                0x0000ad9c       0x68 ../../../Source/tasks.o
                0x0000ad9c                vTaskPlaceOnEventList
 .text.xTaskRemoveFromEventList
                0x0000ae04       0xb4 ../../../Source/tasks.o
                0x0000ae04                xTaskRemoveFromEventList
 .text.vTaskSetTimeOutState
                0x0000aeb8       0x2c ../../../Source/tasks.o
                0x0000aeb8                vTaskSetTimeOutState
 .text.xTaskCheckForTimeOut
                0x0000aee4       0x94 ../../../Source/tasks.o
                0x0000aee4                xTaskCheckForTimeOut
 .text.vTaskMissedYield
                0x0000af78       0x18 ../../../Source/tasks.o
                0x0000af78                vTaskMissedYield
 .text.prvIdleTask
                0x0000af90       0x10 ../../../Source/tasks.o
 .text.prvInitialiseTCBVariables
                0x0000afa0       0x84 ../../../Source/tasks.o
 .text.prvInitialiseTaskLists
                0x0000b024       0x88 ../../../Source/tasks.o
 .text.prvCheckTasksWaitingTermination
                0x0000b0ac       0x7c ../../../Source/tasks.o
 .text.prvAddCurrentTaskToDelayedList
                0x0000b128       0x70 ../../../Source/tasks.o
 .text.prvAllocateTCBAndStack
                0x0000b198       0x74 ../../../Source/tasks.o
 .text.prvListTaskWithinSingleList
                0x0000b20c       0xbc ../../../Source/tasks.o
 .text.prvGenerateRunTimeStatsForTasksInList
                0x0000b2c8       0xf0 ../../../Source/tasks.o
 .text.usTaskCheckFreeStackSpace
                0x0000b3b8       0x38 ../../../Source/tasks.o
 .text.uxTaskGetStackHighWaterMark
                0x0000b3f0       0x38 ../../../Source/tasks.o
                0x0000b3f0                uxTaskGetStackHighWaterMark
 .text.prvDeleteTCB
                0x0000b428       0x20 ../../../Source/tasks.o
 .text.xTaskGetCurrentTaskHandle
                0x0000b448       0x20 ../../../Source/tasks.o
                0x0000b448                xTaskGetCurrentTaskHandle
 .text.vTaskPriorityInherit
                0x0000b468       0xb4 ../../../Source/tasks.o
                0x0000b468                vTaskPriorityInherit
 .text.vTaskPriorityDisinherit
                0x0000b51c       0x88 ../../../Source/tasks.o
                0x0000b51c                vTaskPriorityDisinherit
 .text          0x0000b5a4        0x0 ../../../Source/portable/GCC/ARM_CM3/port.o
 .text.pxPortInitialiseStack
                0x0000b5a4       0x60 ../../../Source/portable/GCC/ARM_CM3/port.o
                0x0000b5a4                pxPortInitialiseStack
 .text.vPortSVCHandler
                0x0000b604       0x20 ../../../Source/portable/GCC/ARM_CM3/port.o
                0x0000b604                vPortSVCHandler
 .text.vPortStartFirstTask
                0x0000b624       0x14 ../../../Source/portable/GCC/ARM_CM3/port.o
                0x0000b624                vPortStartFirstTask
 .text.xPortStartScheduler
                0x0000b638       0x3c ../../../Source/portable/GCC/ARM_CM3/port.o
                0x0000b638                xPortStartScheduler
 .text.vPortEndScheduler
                0x0000b674        0xc ../../../Source/portable/GCC/ARM_CM3/port.o
                0x0000b674                vPortEndScheduler
 .text.vPortYieldFromISR
                0x0000b680       0x18 ../../../Source/portable/GCC/ARM_CM3/port.o
                0x0000b680                vPortYieldFromISR
 .text.vPortEnterCritical
                0x0000b698       0x24 ../../../Source/portable/GCC/ARM_CM3/port.o
                0x0000b698                vPortEnterCritical
 .text.vPortExitCritical
                0x0000b6bc       0x2c ../../../Source/portable/GCC/ARM_CM3/port.o
                0x0000b6bc                vPortExitCritical
 .text.xPortPendSVHandler
                0x0000b6e8       0x3c ../../../Source/portable/GCC/ARM_CM3/port.o
                0x0000b6e8                xPortPendSVHandler
 .text.xPortSysTickHandler
                0x0000b724       0x34 ../../../Source/portable/GCC/ARM_CM3/port.o
                0x0000b724                xPortSysTickHandler
 .text.prvSetupTimerInterrupt
                0x0000b758       0x24 ../../../Source/portable/GCC/ARM_CM3/port.o
 .text          0x0000b77c        0x0 ../../../Source/portable/MemMang/heap_2.o
 .text.pvPortMalloc
                0x0000b77c      0x15c ../../../Source/portable/MemMang/heap_2.o
                0x0000b77c                pvPortMalloc
 .text.vPortFree
                0x0000b8d8       0x7c ../../../Source/portable/MemMang/heap_2.o
                0x0000b8d8                vPortFree
 .text.xPortGetFreeHeapSize
                0x0000b954       0x14 ../../../Source/portable/MemMang/heap_2.o
                0x0000b954                xPortGetFreeHeapSize
 .text.vPortInitialiseBlocks
                0x0000b968        0xc ../../../Source/portable/MemMang/heap_2.o
                0x0000b968                vPortInitialiseBlocks
 .text          0x0000b974        0x0 startup.o
 .text.NmiSR    0x0000b974        0x4 startup.o
 .text.FaultISR
                0x0000b978        0x4 startup.o
 .text.IntDefaultHandler
                0x0000b97c        0x4 startup.o
 .text.ResetISR
                0x0000b980       0x50 startup.o
                0x0000b980                ResetISR
 .text.uipprintf
                0x0000b9d0        0xc startup.o
                0x0000b9d0                uipprintf
 .text          0x0000b9dc        0x0 ../../Common/drivers/LuminaryMicro/arm-none-eabi-gcc/libdriver.a(ethernet.o)
 .text.EthernetPacketGetInternal
                0x0000b9dc       0x84 ../../Common/drivers/LuminaryMicro/arm-none-eabi-gcc/libdriver.a(ethernet.o)
 .text.EthernetPacketPutInternal
                0x0000ba60       0x76 ../../Common/drivers/LuminaryMicro/arm-none-eabi-gcc/libdriver.a(ethernet.o)
 *fill*         0x0000bad6        0x2 00
 .text.EthernetInitExpClk
                0x0000bad8       0x14 ../../Common/drivers/LuminaryMicro/arm-none-eabi-gcc/libdriver.a(ethernet.o)
                0x0000bad8                EthernetInitExpClk
 .text.EthernetConfigSet
                0x0000baec       0x34 ../../Common/drivers/LuminaryMicro/arm-none-eabi-gcc/libdriver.a(ethernet.o)
                0x0000baec                EthernetConfigSet
 .text.EthernetConfigGet
                0x0000bb20       0x18 ../../Common/drivers/LuminaryMicro/arm-none-eabi-gcc/libdriver.a(ethernet.o)
                0x0000bb20                EthernetConfigGet
 .text.EthernetMACAddrSet
                0x0000bb38       0x36 ../../Common/drivers/LuminaryMicro/arm-none-eabi-gcc/libdriver.a(ethernet.o)
                0x0000bb38                EthernetMACAddrSet
 .text.EthernetMACAddrGet
                0x0000bb6e       0x28 ../../Common/drivers/LuminaryMicro/arm-none-eabi-gcc/libdriver.a(ethernet.o)
                0x0000bb6e                EthernetMACAddrGet
 .text.EthernetEnable
                0x0000bb96       0x22 ../../Common/drivers/LuminaryMicro/arm-none-eabi-gcc/libdriver.a(ethernet.o)
                0x0000bb96                EthernetEnable
 .text.EthernetDisable
                0x0000bbb8       0x22 ../../Common/drivers/LuminaryMicro/arm-none-eabi-gcc/libdriver.a(ethernet.o)
                0x0000bbb8                EthernetDisable
 .text.EthernetPacketAvail
                0x0000bbda        0xe ../../Common/drivers/LuminaryMicro/arm-none-eabi-gcc/libdriver.a(ethernet.o)
                0x0000bbda                EthernetPacketAvail
 .text.EthernetSpaceAvail
                0x0000bbe8        0xc ../../Common/drivers/LuminaryMicro/arm-none-eabi-gcc/libdriver.a(ethernet.o)
                0x0000bbe8                EthernetSpaceAvail
 .text.EthernetPacketGetNonBlocking
                0x0000bbf4       0x10 ../../Common/drivers/LuminaryMicro/arm-none-eabi-gcc/libdriver.a(ethernet.o)
                0x0000bbf4                EthernetPacketGetNonBlocking
 .text.EthernetPacketGet
                0x0000bc04        0xc ../../Common/drivers/LuminaryMicro/arm-none-eabi-gcc/libdriver.a(ethernet.o)
                0x0000bc04                EthernetPacketGet
 .text.EthernetPacketPutNonBlocking
                0x0000bc10       0x10 ../../Common/drivers/LuminaryMicro/arm-none-eabi-gcc/libdriver.a(ethernet.o)
                0x0000bc10                EthernetPacketPutNonBlocking
 .text.EthernetPacketPut
                0x0000bc20        0xc ../../Common/drivers/LuminaryMicro/arm-none-eabi-gcc/libdriver.a(ethernet.o)
                0x0000bc20                EthernetPacketPut
 .text.EthernetIntRegister
                0x0000bc2c       0x12 ../../Common/drivers/LuminaryMicro/arm-none-eabi-gcc/libdriver.a(ethernet.o)
                0x0000bc2c                EthernetIntRegister
 .text.EthernetIntUnregister
                0x0000bc3e       0x12 ../../Common/drivers/LuminaryMicro/arm-none-eabi-gcc/libdriver.a(ethernet.o)
                0x0000bc3e                EthernetIntUnregister
 .text.EthernetIntEnable
                0x0000bc50        0x8 ../../Common/drivers/LuminaryMicro/arm-none-eabi-gcc/libdriver.a(ethernet.o)
                0x0000bc50                EthernetIntEnable
 .text.EthernetIntDisable
                0x0000bc58        0xa ../../Common/drivers/LuminaryMicro/arm-none-eabi-gcc/libdriver.a(ethernet.o)
                0x0000bc58                EthernetIntDisable
 .text.EthernetIntStatus
                0x0000bc62        0xc ../../Common/drivers/LuminaryMicro/arm-none-eabi-gcc/libdriver.a(ethernet.o)
                0x0000bc62                EthernetIntStatus
 .text.EthernetIntClear
                0x0000bc6e        0x4 ../../Common/drivers/LuminaryMicro/arm-none-eabi-gcc/libdriver.a(ethernet.o)
                0x0000bc6e                EthernetIntClear
 .text.EthernetPHYWrite
                0x0000bc72       0x28 ../../Common/drivers/LuminaryMicro/arm-none-eabi-gcc/libdriver.a(ethernet.o)
                0x0000bc72                EthernetPHYWrite
 .text.EthernetPHYRead
                0x0000bc9a       0x26 ../../Common/drivers/LuminaryMicro/arm-none-eabi-gcc/libdriver.a(ethernet.o)
                0x0000bc9a                EthernetPHYRead
 .text.EthernetPHYPowerOff
                0x0000bcc0       0x1e ../../Common/drivers/LuminaryMicro/arm-none-eabi-gcc/libdriver.a(ethernet.o)
                0x0000bcc0                EthernetPHYPowerOff
 .text.EthernetPHYPowerOn
                0x0000bcde       0x1e ../../Common/drivers/LuminaryMicro/arm-none-eabi-gcc/libdriver.a(ethernet.o)
                0x0000bcde                EthernetPHYPowerOn
 .text          0x0000bcfc        0x0 ../../Common/drivers/LuminaryMicro/arm-none-eabi-gcc/libdriver.a(flash.o)
 .text.FlashUsecGet
                0x0000bcfc        0xc ../../Common/drivers/LuminaryMicro/arm-none-eabi-gcc/libdriver.a(flash.o)
                0x0000bcfc                FlashUsecGet
 .text.FlashUsecSet
                0x0000bd08        0xc ../../Common/drivers/LuminaryMicro/arm-none-eabi-gcc/libdriver.a(flash.o)
                0x0000bd08                FlashUsecSet
 .text.FlashErase
                0x0000bd14       0x3c ../../Common/drivers/LuminaryMicro/arm-none-eabi-gcc/libdriver.a(flash.o)
                0x0000bd14                FlashErase
 .text.FlashProgram
                0x0000bd50       0xa8 ../../Common/drivers/LuminaryMicro/arm-none-eabi-gcc/libdriver.a(flash.o)
                0x0000bd50                FlashProgram
 .text.FlashProtectGet
                0x0000bdf8       0x84 ../../Common/drivers/LuminaryMicro/arm-none-eabi-gcc/libdriver.a(flash.o)
                0x0000bdf8                FlashProtectGet
 .text.FlashProtectSet
                0x0000be7c      0x104 ../../Common/drivers/LuminaryMicro/arm-none-eabi-gcc/libdriver.a(flash.o)
                0x0000be7c                FlashProtectSet
 .text.FlashProtectSave
                0x0000bf80       0x50 ../../Common/drivers/LuminaryMicro/arm-none-eabi-gcc/libdriver.a(flash.o)
                0x0000bf80                FlashProtectSave
 .text.FlashUserGet
                0x0000bfd0       0x44 ../../Common/drivers/LuminaryMicro/arm-none-eabi-gcc/libdriver.a(flash.o)
                0x0000bfd0                FlashUserGet
 .text.FlashUserSet
                0x0000c014       0x3c ../../Common/drivers/LuminaryMicro/arm-none-eabi-gcc/libdriver.a(flash.o)
                0x0000c014                FlashUserSet
 .text.FlashUserSave
                0x0000c050       0x68 ../../Common/drivers/LuminaryMicro/arm-none-eabi-gcc/libdriver.a(flash.o)
                0x0000c050                FlashUserSave
 .text.FlashIntRegister
                0x0000c0b8       0x14 ../../Common/drivers/LuminaryMicro/arm-none-eabi-gcc/libdriver.a(flash.o)
                0x0000c0b8                FlashIntRegister
 .text.FlashIntUnregister
                0x0000c0cc       0x12 ../../Common/drivers/LuminaryMicro/arm-none-eabi-gcc/libdriver.a(flash.o)
                0x0000c0cc                FlashIntUnregister
 *fill*         0x0000c0de        0x2 00
 .text.FlashIntEnable
                0x0000c0e0       0x10 ../../Common/drivers/LuminaryMicro/arm-none-eabi-gcc/libdriver.a(flash.o)
                0x0000c0e0                FlashIntEnable
 .text.FlashIntDisable
                0x0000c0f0       0x10 ../../Common/drivers/LuminaryMicro/arm-none-eabi-gcc/libdriver.a(flash.o)
                0x0000c0f0                FlashIntDisable
 .text.FlashIntStatus
                0x0000c100       0x18 ../../Common/drivers/LuminaryMicro/arm-none-eabi-gcc/libdriver.a(flash.o)
                0x0000c100                FlashIntStatus
 .text.FlashIntClear
                0x0000c118        0xc ../../Common/drivers/LuminaryMicro/arm-none-eabi-gcc/libdriver.a(flash.o)
                0x0000c118                FlashIntClear
 .text          0x0000c124        0x0 ../../Common/drivers/LuminaryMicro/arm-none-eabi-gcc/libdriver.a(gpio.o)
 .text.GPIOGetIntNumber
                0x0000c124       0xf4 ../../Common/drivers/LuminaryMicro/arm-none-eabi-gcc/libdriver.a(gpio.o)
 .text.GPIODirModeSet
                0x0000c218       0x2e ../../Common/drivers/LuminaryMicro/arm-none-eabi-gcc/libdriver.a(gpio.o)
                0x0000c218                GPIODirModeSet
 .text.GPIODirModeGet
                0x0000c246       0x24 ../../Common/drivers/LuminaryMicro/arm-none-eabi-gcc/libdriver.a(gpio.o)
                0x0000c246                GPIODirModeGet
 .text.GPIOIntTypeSet
                0x0000c26a       0x48 ../../Common/drivers/LuminaryMicro/arm-none-eabi-gcc/libdriver.a(gpio.o)
                0x0000c26a                GPIOIntTypeSet
 .text.GPIOIntTypeGet
                0x0000c2b2       0x32 ../../Common/drivers/LuminaryMicro/arm-none-eabi-gcc/libdriver.a(gpio.o)
                0x0000c2b2                GPIOIntTypeGet
 .text.GPIOPadConfigSet
                0x0000c2e4       0xc8 ../../Common/drivers/LuminaryMicro/arm-none-eabi-gcc/libdriver.a(gpio.o)
                0x0000c2e4                GPIOPadConfigSet
 .text.GPIOPadConfigGet
                0x0000c3ac       0x78 ../../Common/drivers/LuminaryMicro/arm-none-eabi-gcc/libdriver.a(gpio.o)
                0x0000c3ac                GPIOPadConfigGet
 .text.GPIOPinIntEnable
                0x0000c424        0xc ../../Common/drivers/LuminaryMicro/arm-none-eabi-gcc/libdriver.a(gpio.o)
                0x0000c424                GPIOPinIntEnable
 .text.GPIOPinIntDisable
                0x0000c430        0xe ../../Common/drivers/LuminaryMicro/arm-none-eabi-gcc/libdriver.a(gpio.o)
                0x0000c430                GPIOPinIntDisable
 .text.GPIOPinIntStatus
                0x0000c43e        0xe ../../Common/drivers/LuminaryMicro/arm-none-eabi-gcc/libdriver.a(gpio.o)
                0x0000c43e                GPIOPinIntStatus
 .text.GPIOPinIntClear
                0x0000c44c        0x6 ../../Common/drivers/LuminaryMicro/arm-none-eabi-gcc/libdriver.a(gpio.o)
                0x0000c44c                GPIOPinIntClear
 .text.GPIOPortIntRegister
                0x0000c452       0x1a ../../Common/drivers/LuminaryMicro/arm-none-eabi-gcc/libdriver.a(gpio.o)
                0x0000c452                GPIOPortIntRegister
 .text.GPIOPortIntUnregister
                0x0000c46c       0x16 ../../Common/drivers/LuminaryMicro/arm-none-eabi-gcc/libdriver.a(gpio.o)
                0x0000c46c                GPIOPortIntUnregister
 .text.GPIOPinRead
                0x0000c482        0x6 ../../Common/drivers/LuminaryMicro/arm-none-eabi-gcc/libdriver.a(gpio.o)
                0x0000c482                GPIOPinRead
 .text.GPIOPinWrite
                0x0000c488        0x6 ../../Common/drivers/LuminaryMicro/arm-none-eabi-gcc/libdriver.a(gpio.o)
                0x0000c488                GPIOPinWrite
 .text.GPIOPinTypeADC
                0x0000c48e       0x1c ../../Common/drivers/LuminaryMicro/arm-none-eabi-gcc/libdriver.a(gpio.o)
                0x0000c48e                GPIOPinTypeADC
 .text.GPIOPinTypeCAN
                0x0000c4aa       0x1c ../../Common/drivers/LuminaryMicro/arm-none-eabi-gcc/libdriver.a(gpio.o)
                0x0000c4aa                GPIOPinTypeCAN
 .text.GPIOPinTypeComparator
                0x0000c4c6       0x1c ../../Common/drivers/LuminaryMicro/arm-none-eabi-gcc/libdriver.a(gpio.o)
                0x0000c4c6                GPIOPinTypeComparator
 .text.GPIOPinTypeGPIOInput
                0x0000c4e2       0x1c ../../Common/drivers/LuminaryMicro/arm-none-eabi-gcc/libdriver.a(gpio.o)
                0x0000c4e2                GPIOPinTypeGPIOInput
 .text.GPIOPinTypeGPIOOutput
                0x0000c4fe       0x1c ../../Common/drivers/LuminaryMicro/arm-none-eabi-gcc/libdriver.a(gpio.o)
                0x0000c4fe                GPIOPinTypeGPIOOutput
 .text.GPIOPinTypeGPIOOutputOD
                0x0000c51a       0x1c ../../Common/drivers/LuminaryMicro/arm-none-eabi-gcc/libdriver.a(gpio.o)
                0x0000c51a                GPIOPinTypeGPIOOutputOD
 .text.GPIOPinTypeI2C
                0x0000c536       0x1c ../../Common/drivers/LuminaryMicro/arm-none-eabi-gcc/libdriver.a(gpio.o)
                0x0000c536                GPIOPinTypeI2C
 .text.GPIOPinTypePWM
                0x0000c552       0x1c ../../Common/drivers/LuminaryMicro/arm-none-eabi-gcc/libdriver.a(gpio.o)
                0x0000c552                GPIOPinTypePWM
 .text.GPIOPinTypeQEI
                0x0000c56e       0x1c ../../Common/drivers/LuminaryMicro/arm-none-eabi-gcc/libdriver.a(gpio.o)
                0x0000c56e                GPIOPinTypeQEI
 .text.GPIOPinTypeSSI
                0x0000c58a       0x1c ../../Common/drivers/LuminaryMicro/arm-none-eabi-gcc/libdriver.a(gpio.o)
                0x0000c58a                GPIOPinTypeSSI
 .text.GPIOPinTypeTimer
                0x0000c5a6       0x1c ../../Common/drivers/LuminaryMicro/arm-none-eabi-gcc/libdriver.a(gpio.o)
                0x0000c5a6                GPIOPinTypeTimer
 .text.GPIOPinTypeUART
                0x0000c5c2       0x1c ../../Common/drivers/LuminaryMicro/arm-none-eabi-gcc/libdriver.a(gpio.o)
                0x0000c5c2                GPIOPinTypeUART
 .text.GPIOPinTypeUSBDigital
                0x0000c5de       0x1c ../../Common/drivers/LuminaryMicro/arm-none-eabi-gcc/libdriver.a(gpio.o)
                0x0000c5de                GPIOPinTypeUSBDigital
 .text.GPIOPinTypeUSBAnalog
                0x0000c5fa       0x1c ../../Common/drivers/LuminaryMicro/arm-none-eabi-gcc/libdriver.a(gpio.o)
                0x0000c5fa                GPIOPinTypeUSBAnalog
 .text.GPIOPinTypeI2S
                0x0000c616       0x1c ../../Common/drivers/LuminaryMicro/arm-none-eabi-gcc/libdriver.a(gpio.o)
                0x0000c616                GPIOPinTypeI2S
 .text.GPIOPinTypeEthernetLED
                0x0000c632       0x1c ../../Common/drivers/LuminaryMicro/arm-none-eabi-gcc/libdriver.a(gpio.o)
                0x0000c632                GPIOPinTypeEthernetLED
 .text.GPIOPinTypeEPI
                0x0000c64e       0x1c ../../Common/drivers/LuminaryMicro/arm-none-eabi-gcc/libdriver.a(gpio.o)
                0x0000c64e                GPIOPinTypeEPI
 *fill*         0x0000c66a        0x2 00
 .text.GPIOPinConfigure
                0x0000c66c       0x4c ../../Common/drivers/LuminaryMicro/arm-none-eabi-gcc/libdriver.a(gpio.o)
                0x0000c66c                GPIOPinConfigure
 .text          0x0000c6b8        0x0 ../../Common/drivers/LuminaryMicro/arm-none-eabi-gcc/libdriver.a(interrupt.o)
 .text.IntDefaultHandler
                0x0000c6b8        0x2 ../../Common/drivers/LuminaryMicro/arm-none-eabi-gcc/libdriver.a(interrupt.o)
 .text.IntMasterEnable
                0x0000c6ba        0xa ../../Common/drivers/LuminaryMicro/arm-none-eabi-gcc/libdriver.a(interrupt.o)
                0x0000c6ba                IntMasterEnable
 .text.IntMasterDisable
                0x0000c6c4        0xa ../../Common/drivers/LuminaryMicro/arm-none-eabi-gcc/libdriver.a(interrupt.o)
                0x0000c6c4                IntMasterDisable
 *fill*         0x0000c6ce        0x2 00
 .text.IntRegister
                0x0000c6d0       0x30 ../../Common/drivers/LuminaryMicro/arm-none-eabi-gcc/libdriver.a(interrupt.o)
                0x0000c6d0                IntRegister
 .text.IntUnregister
                0x0000c700       0x14 ../../Common/drivers/LuminaryMicro/arm-none-eabi-gcc/libdriver.a(interrupt.o)
                0x0000c700                IntUnregister
 .text.IntPriorityGroupingSet
                0x0000c714       0x1c ../../Common/drivers/LuminaryMicro/arm-none-eabi-gcc/libdriver.a(interrupt.o)
                0x0000c714                IntPriorityGroupingSet
 .text.IntPriorityGroupingGet
                0x0000c730       0x24 ../../Common/drivers/LuminaryMicro/arm-none-eabi-gcc/libdriver.a(interrupt.o)
                0x0000c730                IntPriorityGroupingGet
 .text.IntPrioritySet
                0x0000c754       0x28 ../../Common/drivers/LuminaryMicro/arm-none-eabi-gcc/libdriver.a(interrupt.o)
                0x0000c754                IntPrioritySet
 .text.IntPriorityGet
                0x0000c77c       0x1c ../../Common/drivers/LuminaryMicro/arm-none-eabi-gcc/libdriver.a(interrupt.o)
                0x0000c77c                IntPriorityGet
 .text.IntEnable
                0x0000c798       0x70 ../../Common/drivers/LuminaryMicro/arm-none-eabi-gcc/libdriver.a(interrupt.o)
                0x0000c798                IntEnable
 .text.IntDisable
                0x0000c808       0x70 ../../Common/drivers/LuminaryMicro/arm-none-eabi-gcc/libdriver.a(interrupt.o)
                0x0000c808                IntDisable
 .text.IntPendSet
                0x0000c878       0x60 ../../Common/drivers/LuminaryMicro/arm-none-eabi-gcc/libdriver.a(interrupt.o)
                0x0000c878                IntPendSet
 .text.IntPendClear
                0x0000c8d8       0x50 ../../Common/drivers/LuminaryMicro/arm-none-eabi-gcc/libdriver.a(interrupt.o)
                0x0000c8d8                IntPendClear
 .text.IntPriorityMaskSet
                0x0000c928        0x4 ../../Common/drivers/LuminaryMicro/arm-none-eabi-gcc/libdriver.a(interrupt.o)
                0x0000c928                IntPriorityMaskSet
 .text.IntPriorityMaskGet
                0x0000c92c        0x4 ../../Common/drivers/LuminaryMicro/arm-none-eabi-gcc/libdriver.a(interrupt.o)
                0x0000c92c                IntPriorityMaskGet
 .text          0x0000c930        0x0 ../../Common/drivers/LuminaryMicro/arm-none-eabi-gcc/libdriver.a(ssi.o)
 .text.SSIConfigSetExpClk
                0x0000c930       0x4a ../../Common/drivers/LuminaryMicro/arm-none-eabi-gcc/libdriver.a(ssi.o)
                0x0000c930                SSIConfigSetExpClk
 .text.SSIEnable
                0x0000c97a        0xa ../../Common/drivers/LuminaryMicro/arm-none-eabi-gcc/libdriver.a(ssi.o)
                0x0000c97a                SSIEnable
 .text.SSIDisable
                0x0000c984        0xa ../../Common/drivers/LuminaryMicro/arm-none-eabi-gcc/libdriver.a(ssi.o)
                0x0000c984                SSIDisable
 *fill*         0x0000c98e        0x2 00
 .text.SSIIntRegister
                0x0000c990       0x20 ../../Common/drivers/LuminaryMicro/arm-none-eabi-gcc/libdriver.a(ssi.o)
                0x0000c990                SSIIntRegister
 .text.SSIIntUnregister
                0x0000c9b0       0x20 ../../Common/drivers/LuminaryMicro/arm-none-eabi-gcc/libdriver.a(ssi.o)
                0x0000c9b0                SSIIntUnregister
 .text.SSIIntEnable
                0x0000c9d0        0x8 ../../Common/drivers/LuminaryMicro/arm-none-eabi-gcc/libdriver.a(ssi.o)
                0x0000c9d0                SSIIntEnable
 .text.SSIIntDisable
                0x0000c9d8        0xa ../../Common/drivers/LuminaryMicro/arm-none-eabi-gcc/libdriver.a(ssi.o)
                0x0000c9d8                SSIIntDisable
 .text.SSIIntStatus
                0x0000c9e2        0xa ../../Common/drivers/LuminaryMicro/arm-none-eabi-gcc/libdriver.a(ssi.o)
                0x0000c9e2                SSIIntStatus
 .text.SSIIntClear
                0x0000c9ec        0x4 ../../Common/drivers/LuminaryMicro/arm-none-eabi-gcc/libdriver.a(ssi.o)
                0x0000c9ec                SSIIntClear
 .text.SSIDataPut
                0x0000c9f0        0xc ../../Common/drivers/LuminaryMicro/arm-none-eabi-gcc/libdriver.a(ssi.o)
                0x0000c9f0                SSIDataPut
 .text.SSIDataPutNonBlocking
                0x0000c9fc       0x12 ../../Common/drivers/LuminaryMicro/arm-none-eabi-gcc/libdriver.a(ssi.o)
                0x0000c9fc                SSIDataPutNonBlocking
 .text.SSIDataGet
                0x0000ca0e        0xe ../../Common/drivers/LuminaryMicro/arm-none-eabi-gcc/libdriver.a(ssi.o)
                0x0000ca0e                SSIDataGet
 .text.SSIDataGetNonBlocking
                0x0000ca1c       0x14 ../../Common/drivers/LuminaryMicro/arm-none-eabi-gcc/libdriver.a(ssi.o)
                0x0000ca1c                SSIDataGetNonBlocking
 .text.SSIDMAEnable
                0x0000ca30        0x8 ../../Common/drivers/LuminaryMicro/arm-none-eabi-gcc/libdriver.a(ssi.o)
                0x0000ca30                SSIDMAEnable
 .text.SSIDMADisable
                0x0000ca38        0xa ../../Common/drivers/LuminaryMicro/arm-none-eabi-gcc/libdriver.a(ssi.o)
                0x0000ca38                SSIDMADisable
 .text.SSIBusy  0x0000ca42        0x8 ../../Common/drivers/LuminaryMicro/arm-none-eabi-gcc/libdriver.a(ssi.o)
                0x0000ca42                SSIBusy
 .text          0x0000ca4a        0x0 ../../Common/drivers/LuminaryMicro/arm-none-eabi-gcc/libdriver.a(sysctl.o)
 *fill*         0x0000ca4a        0x2 00
 .text.SysCtlSRAMSizeGet
                0x0000ca4c       0x14 ../../Common/drivers/LuminaryMicro/arm-none-eabi-gcc/libdriver.a(sysctl.o)
                0x0000ca4c                SysCtlSRAMSizeGet
 .text.SysCtlFlashSizeGet
                0x0000ca60       0x14 ../../Common/drivers/LuminaryMicro/arm-none-eabi-gcc/libdriver.a(sysctl.o)
                0x0000ca60                SysCtlFlashSizeGet
 .text.SysCtlPinPresent
                0x0000ca74       0x14 ../../Common/drivers/LuminaryMicro/arm-none-eabi-gcc/libdriver.a(sysctl.o)
                0x0000ca74                SysCtlPinPresent
 .text.SysCtlPeripheralPresent
                0x0000ca88       0x44 ../../Common/drivers/LuminaryMicro/arm-none-eabi-gcc/libdriver.a(sysctl.o)
                0x0000ca88                SysCtlPeripheralPresent
 .text.SysCtlPeripheralReset
                0x0000cacc       0x40 ../../Common/drivers/LuminaryMicro/arm-none-eabi-gcc/libdriver.a(sysctl.o)
                0x0000cacc                SysCtlPeripheralReset
 .text.SysCtlPeripheralEnable
                0x0000cb0c       0x20 ../../Common/drivers/LuminaryMicro/arm-none-eabi-gcc/libdriver.a(sysctl.o)
                0x0000cb0c                SysCtlPeripheralEnable
 .text.SysCtlPeripheralDisable
                0x0000cb2c       0x24 ../../Common/drivers/LuminaryMicro/arm-none-eabi-gcc/libdriver.a(sysctl.o)
                0x0000cb2c                SysCtlPeripheralDisable
 .text.SysCtlPeripheralSleepEnable
                0x0000cb50       0x20 ../../Common/drivers/LuminaryMicro/arm-none-eabi-gcc/libdriver.a(sysctl.o)
                0x0000cb50                SysCtlPeripheralSleepEnable
 .text.SysCtlPeripheralSleepDisable
                0x0000cb70       0x24 ../../Common/drivers/LuminaryMicro/arm-none-eabi-gcc/libdriver.a(sysctl.o)
                0x0000cb70                SysCtlPeripheralSleepDisable
 .text.SysCtlPeripheralDeepSleepEnable
                0x0000cb94       0x20 ../../Common/drivers/LuminaryMicro/arm-none-eabi-gcc/libdriver.a(sysctl.o)
                0x0000cb94                SysCtlPeripheralDeepSleepEnable
 .text.SysCtlPeripheralDeepSleepDisable
                0x0000cbb4       0x24 ../../Common/drivers/LuminaryMicro/arm-none-eabi-gcc/libdriver.a(sysctl.o)
                0x0000cbb4                SysCtlPeripheralDeepSleepDisable
 .text.SysCtlPeripheralClockGating
                0x0000cbd8       0x1c ../../Common/drivers/LuminaryMicro/arm-none-eabi-gcc/libdriver.a(sysctl.o)
                0x0000cbd8                SysCtlPeripheralClockGating
 .text.SysCtlIntRegister
                0x0000cbf4       0x14 ../../Common/drivers/LuminaryMicro/arm-none-eabi-gcc/libdriver.a(sysctl.o)
                0x0000cbf4                SysCtlIntRegister
 .text.SysCtlIntUnregister
                0x0000cc08       0x12 ../../Common/drivers/LuminaryMicro/arm-none-eabi-gcc/libdriver.a(sysctl.o)
                0x0000cc08                SysCtlIntUnregister
 *fill*         0x0000cc1a        0x2 00
 .text.SysCtlIntEnable
                0x0000cc1c       0x10 ../../Common/drivers/LuminaryMicro/arm-none-eabi-gcc/libdriver.a(sysctl.o)
                0x0000cc1c                SysCtlIntEnable
 .text.SysCtlIntDisable
                0x0000cc2c       0x10 ../../Common/drivers/LuminaryMicro/arm-none-eabi-gcc/libdriver.a(sysctl.o)
                0x0000cc2c                SysCtlIntDisable
 .text.SysCtlIntClear
                0x0000cc3c        0xc ../../Common/drivers/LuminaryMicro/arm-none-eabi-gcc/libdriver.a(sysctl.o)
                0x0000cc3c                SysCtlIntClear
 .text.SysCtlIntStatus
                0x0000cc48       0x18 ../../Common/drivers/LuminaryMicro/arm-none-eabi-gcc/libdriver.a(sysctl.o)
                0x0000cc48                SysCtlIntStatus
 .text.SysCtlLDOSet
                0x0000cc60        0xc ../../Common/drivers/LuminaryMicro/arm-none-eabi-gcc/libdriver.a(sysctl.o)
                0x0000cc60                SysCtlLDOSet
 .text.SysCtlLDOGet
                0x0000cc6c        0xc ../../Common/drivers/LuminaryMicro/arm-none-eabi-gcc/libdriver.a(sysctl.o)
                0x0000cc6c                SysCtlLDOGet
 .text.SysCtlLDOConfigSet
                0x0000cc78        0xc ../../Common/drivers/LuminaryMicro/arm-none-eabi-gcc/libdriver.a(sysctl.o)
                0x0000cc78                SysCtlLDOConfigSet
 .text.SysCtlReset
                0x0000cc84       0x10 ../../Common/drivers/LuminaryMicro/arm-none-eabi-gcc/libdriver.a(sysctl.o)
                0x0000cc84                SysCtlReset
 .text.SysCtlSleep
                0x0000cc94        0x4 ../../Common/drivers/LuminaryMicro/arm-none-eabi-gcc/libdriver.a(sysctl.o)
                0x0000cc94                SysCtlSleep
 .text.SysCtlDeepSleep
                0x0000cc98       0x20 ../../Common/drivers/LuminaryMicro/arm-none-eabi-gcc/libdriver.a(sysctl.o)
                0x0000cc98                SysCtlDeepSleep
 .text.SysCtlResetCauseGet
                0x0000ccb8        0xc ../../Common/drivers/LuminaryMicro/arm-none-eabi-gcc/libdriver.a(sysctl.o)
                0x0000ccb8                SysCtlResetCauseGet
 .text.SysCtlResetCauseClear
                0x0000ccc4       0x10 ../../Common/drivers/LuminaryMicro/arm-none-eabi-gcc/libdriver.a(sysctl.o)
                0x0000ccc4                SysCtlResetCauseClear
 .text.SysCtlBrownOutConfigSet
                0x0000ccd4       0x10 ../../Common/drivers/LuminaryMicro/arm-none-eabi-gcc/libdriver.a(sysctl.o)
                0x0000ccd4                SysCtlBrownOutConfigSet
 .text.SysCtlDelay
                0x0000cce4        0x6 ../../Common/drivers/LuminaryMicro/arm-none-eabi-gcc/libdriver.a(sysctl.o)
                0x0000cce4                SysCtlDelay
 *fill*         0x0000ccea        0x2 00
 .text.SysCtlClockSet
                0x0000ccec      0x158 ../../Common/drivers/LuminaryMicro/arm-none-eabi-gcc/libdriver.a(sysctl.o)
                0x0000ccec                SysCtlClockSet
 .text.SysCtlClockGet
                0x0000ce44      0x1dc ../../Common/drivers/LuminaryMicro/arm-none-eabi-gcc/libdriver.a(sysctl.o)
                0x0000ce44                SysCtlClockGet
 .text.SysCtlPWMClockSet
                0x0000d020       0x14 ../../Common/drivers/LuminaryMicro/arm-none-eabi-gcc/libdriver.a(sysctl.o)
                0x0000d020                SysCtlPWMClockSet
 .text.SysCtlPWMClockGet
                0x0000d034       0x18 ../../Common/drivers/LuminaryMicro/arm-none-eabi-gcc/libdriver.a(sysctl.o)
                0x0000d034                SysCtlPWMClockGet
 .text.SysCtlADCSpeedSet
                0x0000d04c       0x20 ../../Common/drivers/LuminaryMicro/arm-none-eabi-gcc/libdriver.a(sysctl.o)
                0x0000d04c                SysCtlADCSpeedSet
 .text.SysCtlADCSpeedGet
                0x0000d06c       0x10 ../../Common/drivers/LuminaryMicro/arm-none-eabi-gcc/libdriver.a(sysctl.o)
                0x0000d06c                SysCtlADCSpeedGet
 .text.SysCtlIOSCVerificationSet
                0x0000d07c       0x1c ../../Common/drivers/LuminaryMicro/arm-none-eabi-gcc/libdriver.a(sysctl.o)
                0x0000d07c                SysCtlIOSCVerificationSet
 .text.SysCtlMOSCVerificationSet
                0x0000d098       0x1c ../../Common/drivers/LuminaryMicro/arm-none-eabi-gcc/libdriver.a(sysctl.o)
                0x0000d098                SysCtlMOSCVerificationSet
 .text.SysCtlPLLVerificationSet
                0x0000d0b4       0x1c ../../Common/drivers/LuminaryMicro/arm-none-eabi-gcc/libdriver.a(sysctl.o)
                0x0000d0b4                SysCtlPLLVerificationSet
 .text.SysCtlClkVerificationClear
                0x0000d0d0       0x10 ../../Common/drivers/LuminaryMicro/arm-none-eabi-gcc/libdriver.a(sysctl.o)
                0x0000d0d0                SysCtlClkVerificationClear
 .text.SysCtlGPIOAHBEnable
                0x0000d0e0       0x14 ../../Common/drivers/LuminaryMicro/arm-none-eabi-gcc/libdriver.a(sysctl.o)
                0x0000d0e0                SysCtlGPIOAHBEnable
 .text.SysCtlGPIOAHBDisable
                0x0000d0f4       0x14 ../../Common/drivers/LuminaryMicro/arm-none-eabi-gcc/libdriver.a(sysctl.o)
                0x0000d0f4                SysCtlGPIOAHBDisable
 .text.SysCtlUSBPLLEnable
                0x0000d108       0x10 ../../Common/drivers/LuminaryMicro/arm-none-eabi-gcc/libdriver.a(sysctl.o)
                0x0000d108                SysCtlUSBPLLEnable
 .text.SysCtlUSBPLLDisable
                0x0000d118       0x10 ../../Common/drivers/LuminaryMicro/arm-none-eabi-gcc/libdriver.a(sysctl.o)
                0x0000d118                SysCtlUSBPLLDisable
 .text.SysCtlI2SMClkSet
                0x0000d128       0xe4 ../../Common/drivers/LuminaryMicro/arm-none-eabi-gcc/libdriver.a(sysctl.o)
                0x0000d128                SysCtlI2SMClkSet
 .text          0x0000d20c        0x0 ../../Common/drivers/LuminaryMicro/arm-none-eabi-gcc/libdriver.a(timer.o)
 .text.TimerEnable
                0x0000d20c       0x12 ../../Common/drivers/LuminaryMicro/arm-none-eabi-gcc/libdriver.a(timer.o)
                0x0000d20c                TimerEnable
 .text.TimerDisable
                0x0000d21e       0x12 ../../Common/drivers/LuminaryMicro/arm-none-eabi-gcc/libdriver.a(timer.o)
                0x0000d21e                TimerDisable
 .text.TimerConfigure
                0x0000d230       0x20 ../../Common/drivers/LuminaryMicro/arm-none-eabi-gcc/libdriver.a(timer.o)
                0x0000d230                TimerConfigure
 .text.TimerControlLevel
                0x0000d250       0x20 ../../Common/drivers/LuminaryMicro/arm-none-eabi-gcc/libdriver.a(timer.o)
                0x0000d250                TimerControlLevel
 .text.TimerControlTrigger
                0x0000d270       0x20 ../../Common/drivers/LuminaryMicro/arm-none-eabi-gcc/libdriver.a(timer.o)
                0x0000d270                TimerControlTrigger
 .text.TimerControlEvent
                0x0000d290       0x1c ../../Common/drivers/LuminaryMicro/arm-none-eabi-gcc/libdriver.a(timer.o)
                0x0000d290                TimerControlEvent
 .text.TimerControlStall
                0x0000d2ac       0x20 ../../Common/drivers/LuminaryMicro/arm-none-eabi-gcc/libdriver.a(timer.o)
                0x0000d2ac                TimerControlStall
 .text.TimerControlWaitOnTrigger
                0x0000d2cc       0x34 ../../Common/drivers/LuminaryMicro/arm-none-eabi-gcc/libdriver.a(timer.o)
                0x0000d2cc                TimerControlWaitOnTrigger
 .text.TimerRTCEnable
                0x0000d300        0xa ../../Common/drivers/LuminaryMicro/arm-none-eabi-gcc/libdriver.a(timer.o)
                0x0000d300                TimerRTCEnable
 .text.TimerRTCDisable
                0x0000d30a        0xa ../../Common/drivers/LuminaryMicro/arm-none-eabi-gcc/libdriver.a(timer.o)
                0x0000d30a                TimerRTCDisable
 .text.TimerPrescaleSet
                0x0000d314       0x12 ../../Common/drivers/LuminaryMicro/arm-none-eabi-gcc/libdriver.a(timer.o)
                0x0000d314                TimerPrescaleSet
 .text.TimerPrescaleGet
                0x0000d326        0xa ../../Common/drivers/LuminaryMicro/arm-none-eabi-gcc/libdriver.a(timer.o)
                0x0000d326                TimerPrescaleGet
 .text.TimerPrescaleMatchSet
                0x0000d330       0x12 ../../Common/drivers/LuminaryMicro/arm-none-eabi-gcc/libdriver.a(timer.o)
                0x0000d330                TimerPrescaleMatchSet
 .text.TimerPrescaleMatchGet
                0x0000d342        0xa ../../Common/drivers/LuminaryMicro/arm-none-eabi-gcc/libdriver.a(timer.o)
                0x0000d342                TimerPrescaleMatchGet
 .text.TimerLoadSet
                0x0000d34c       0x12 ../../Common/drivers/LuminaryMicro/arm-none-eabi-gcc/libdriver.a(timer.o)
                0x0000d34c                TimerLoadSet
 .text.TimerLoadGet
                0x0000d35e        0xa ../../Common/drivers/LuminaryMicro/arm-none-eabi-gcc/libdriver.a(timer.o)
                0x0000d35e                TimerLoadGet
 .text.TimerValueGet
                0x0000d368        0xa ../../Common/drivers/LuminaryMicro/arm-none-eabi-gcc/libdriver.a(timer.o)
                0x0000d368                TimerValueGet
 .text.TimerMatchSet
                0x0000d372       0x12 ../../Common/drivers/LuminaryMicro/arm-none-eabi-gcc/libdriver.a(timer.o)
                0x0000d372                TimerMatchSet
 .text.TimerMatchGet
                0x0000d384        0xa ../../Common/drivers/LuminaryMicro/arm-none-eabi-gcc/libdriver.a(timer.o)
                0x0000d384                TimerMatchGet
 *fill*         0x0000d38e        0x2 00
 .text.TimerIntRegister
                0x0000d390       0x60 ../../Common/drivers/LuminaryMicro/arm-none-eabi-gcc/libdriver.a(timer.o)
                0x0000d390                TimerIntRegister
 .text.TimerIntUnregister
                0x0000d3f0       0x5c ../../Common/drivers/LuminaryMicro/arm-none-eabi-gcc/libdriver.a(timer.o)
                0x0000d3f0                TimerIntUnregister
 .text.TimerIntEnable
                0x0000d44c        0x8 ../../Common/drivers/LuminaryMicro/arm-none-eabi-gcc/libdriver.a(timer.o)
                0x0000d44c                TimerIntEnable
 .text.TimerIntDisable
                0x0000d454        0xa ../../Common/drivers/LuminaryMicro/arm-none-eabi-gcc/libdriver.a(timer.o)
                0x0000d454                TimerIntDisable
 .text.TimerIntStatus
                0x0000d45e        0xa ../../Common/drivers/LuminaryMicro/arm-none-eabi-gcc/libdriver.a(timer.o)
                0x0000d45e                TimerIntStatus
 .text.TimerIntClear
                0x0000d468        0x4 ../../Common/drivers/LuminaryMicro/arm-none-eabi-gcc/libdriver.a(timer.o)
                0x0000d468                TimerIntClear
 .text.TimerQuiesce
                0x0000d46c       0x3c ../../Common/drivers/LuminaryMicro/arm-none-eabi-gcc/libdriver.a(timer.o)
                0x0000d46c                TimerQuiesce
 .text          0x0000d4a8        0x0 ../../Common/drivers/LuminaryMicro/arm-none-eabi-gcc/libdriver.a(cpu.o)
 .text.CPUcpsid
                0x0000d4a8        0x8 ../../Common/drivers/LuminaryMicro/arm-none-eabi-gcc/libdriver.a(cpu.o)
                0x0000d4a8                CPUcpsid
 .text.CPUprimask
                0x0000d4b0        0x6 ../../Common/drivers/LuminaryMicro/arm-none-eabi-gcc/libdriver.a(cpu.o)
                0x0000d4b0                CPUprimask
 .text.CPUcpsie
                0x0000d4b6        0x8 ../../Common/drivers/LuminaryMicro/arm-none-eabi-gcc/libdriver.a(cpu.o)
                0x0000d4b6                CPUcpsie
 .text.CPUwfi   0x0000d4be        0x4 ../../Common/drivers/LuminaryMicro/arm-none-eabi-gcc/libdriver.a(cpu.o)
                0x0000d4be                CPUwfi
 .text.CPUbasepriSet
                0x0000d4c2        0x6 ../../Common/drivers/LuminaryMicro/arm-none-eabi-gcc/libdriver.a(cpu.o)
                0x0000d4c2                CPUbasepriSet
 .text.CPUbasepriGet
                0x0000d4c8        0x6 ../../Common/drivers/LuminaryMicro/arm-none-eabi-gcc/libdriver.a(cpu.o)
                0x0000d4c8                CPUbasepriGet
 .text          0x0000d4ce        0x0 ../../Common/drivers/LuminaryMicro/arm-none-eabi-gcc/libgr.a(context.o)
 *fill*         0x0000d4ce        0x2 00
 .text.GrContextInit
                0x0000d4d0       0x24 ../../Common/drivers/LuminaryMicro/arm-none-eabi-gcc/libgr.a(context.o)
                0x0000d4d0                GrContextInit
 .text.GrContextClipRegionSet
                0x0000d4f4       0x88 ../../Common/drivers/LuminaryMicro/arm-none-eabi-gcc/libgr.a(context.o)
                0x0000d4f4                GrContextClipRegionSet
 .text          0x0000d57c        0x0 ../../Common/drivers/LuminaryMicro/arm-none-eabi-gcc/libgr.a(fontcmss12.o)
 .text          0x0000d57c        0x0 ../../Common/drivers/LuminaryMicro/arm-none-eabi-gcc/libgr.a(image.o)
 .text.GrImageDraw
                0x0000d57c      0x37c ../../Common/drivers/LuminaryMicro/arm-none-eabi-gcc/libgr.a(image.o)
                0x0000d57c                GrImageDraw
 .text          0x0000d8f8        0x0 ../../Common/drivers/LuminaryMicro/arm-none-eabi-gcc/libgr.a(rectangle.o)
 .text.GrRectFill
                0x0000d8f8       0xb4 ../../Common/drivers/LuminaryMicro/arm-none-eabi-gcc/libgr.a(rectangle.o)
                0x0000d8f8                GrRectFill
 .text.GrRectDraw
                0x0000d9ac       0x64 ../../Common/drivers/LuminaryMicro/arm-none-eabi-gcc/libgr.a(rectangle.o)
                0x0000d9ac                GrRectDraw
 .text          0x0000da10        0x0 ../../Common/drivers/LuminaryMicro/arm-none-eabi-gcc/libgr.a(string.o)
 .text.GrStringWidthGet
                0x0000da10       0x58 ../../Common/drivers/LuminaryMicro/arm-none-eabi-gcc/libgr.a(string.o)
                0x0000da10                GrStringWidthGet
 .text.GrStringDraw
                0x0000da68      0x34c ../../Common/drivers/LuminaryMicro/arm-none-eabi-gcc/libgr.a(string.o)
                0x0000da68                GrStringDraw
 .text          0x0000ddb4        0x0 ../../Common/drivers/LuminaryMicro/arm-none-eabi-gcc/libgr.a(line.o)
 .text.GrLineDrawH
                0x0000ddb4       0x58 ../../Common/drivers/LuminaryMicro/arm-none-eabi-gcc/libgr.a(line.o)
                0x0000ddb4                GrLineDrawH
 .text.GrLineDrawV
                0x0000de0c       0x58 ../../Common/drivers/LuminaryMicro/arm-none-eabi-gcc/libgr.a(line.o)
                0x0000de0c                GrLineDrawV
 .text.GrClipCodeGet
                0x0000de64       0x38 ../../Common/drivers/LuminaryMicro/arm-none-eabi-gcc/libgr.a(line.o)
 .text.GrLineDraw
                0x0000de9c      0x19c ../../Common/drivers/LuminaryMicro/arm-none-eabi-gcc/libgr.a(line.o)
                0x0000de9c                GrLineDraw
 .text          0x0000e038       0x64 /opt/arm-2011.03/bin/../lib/gcc/arm-none-eabi/4.5.2/../../../../arm-none-eabi/lib/thumb2/libc.a(lib_a-memcmp.o)
                0x0000e038                memcmp
 .text          0x0000e09c      0x150 /opt/arm-2011.03/bin/../lib/gcc/arm-none-eabi/4.5.2/../../../../arm-none-eabi/lib/thumb2/libc.a(lib_a-memcpy.o)
                0x0000e09c                memcpy
 .text          0x0000e1ec       0xb4 /opt/arm-2011.03/bin/../lib/gcc/arm-none-eabi/4.5.2/../../../../arm-none-eabi/lib/thumb2/libc.a(lib_a-memset.o)
                0x0000e1ec                memset
 .text          0x0000e2a0       0x48 /opt/arm-2011.03/bin/../lib/gcc/arm-none-eabi/4.5.2/../../../../arm-none-eabi/lib/thumb2/libc.a(lib_a-strcat.o)
                0x0000e2a0                strcat
 .text          0x0000e2e8      0x10c /opt/arm-2011.03/bin/../lib/gcc/arm-none-eabi/4.5.2/../../../../arm-none-eabi/lib/thumb2/libc.a(lib_a-strchr.o)
                0x0000e2e8                strchr
 .text          0x0000e3f4       0xbc /opt/arm-2011.03/bin/../lib/gcc/arm-none-eabi/4.5.2/../../../../arm-none-eabi/lib/thumb2/libc.a(lib_a-strcpy.o)
                0x0000e3f4                strcpy
 .text          0x0000e4b0       0x60 /opt/arm-2011.03/bin/../lib/gcc/arm-none-eabi/4.5.2/../../../../arm-none-eabi/lib/thumb2/libc.a(lib_a-strlen.o)
                0x0000e4b0                strlen
 .text          0x0000e510       0xac /opt/arm-2011.03/bin/../lib/gcc/arm-none-eabi/4.5.2/../../../../arm-none-eabi/lib/thumb2/libc.a(lib_a-strncmp.o)
                0x0000e510                strncmp
 .text          0x0000e5bc       0x78 /opt/arm-2011.03/bin/../lib/gcc/arm-none-eabi/4.5.2/../../../../arm-none-eabi/lib/thumb2/libc.a(lib_a-strncpy.o)
                0x0000e5bc                strncpy
 .text          0x0000e634       0x28 /opt/arm-2011.03/bin/../lib/gcc/arm-none-eabi/4.5.2/../../../../arm-none-eabi/lib/thumb2/libc.a(lib_a-strrchr.o)
                0x0000e634                strrchr
 .text          0x0000e65c      0x508 /opt/arm-2011.03/bin/../lib/gcc/arm-none-eabi/4.5.2/../../../../arm-none-eabi/lib/thumb2/libc.a(lib_a-strstr.o)
                0x0000e948                strstr
 .text          0x0000eb64       0x8c /opt/arm-2011.03/bin/../lib/gcc/arm-none-eabi/4.5.2/../../../../arm-none-eabi/lib/thumb2/libc.a(lib_a-memchr.o)
                0x0000eb64                memchr
 *(.rodata*)
 .rodata.pucBasicBitmap
                0x0000ebf0      0xc84 main.o
                0x0000ebf0                pucBasicBitmap
 .rodata.pucGrLibBitmap
                0x0000f874      0x6a8 main.o
                0x0000f874                pucGrLibBitmap
 .rodata        0x0000ff1c      0x10c main.o
 .rodata.pcWelcomeMessage
                0x00010028        0x4 main.o
                0x00010028                pcWelcomeMessage
 .rodata.g_pucRIT128x96x4VerticalInc
                0x0001002c        0x4 rit128x96x4.o
 .rodata.g_pucRIT128x96x4HorizontalInc
                0x00010030        0x4 rit128x96x4.o
 .rodata.g_pucFont
                0x00010034      0x1e0 rit128x96x4.o
 .rodata.g_pucRIT128x96x4Init
                0x00010214       0x50 rit128x96x4.o
 .rodata.pucCommand1.4284
                0x00010264        0x4 rit128x96x4.o
 .rodata.pucCommand1.4219
                0x00010268        0x4 rit128x96x4.o
 .rodata.pucCommand2.4220
                0x0001026c        0x4 rit128x96x4.o
 .rodata.g_pucOSRAM128x64x4VerticalInc
                0x00010270        0x4 osram128x64x4.o
 .rodata.g_pucOSRAM128x64x4HorizontalInc
                0x00010274        0x4 osram128x64x4.o
 .rodata.g_pucFont
                0x00010278      0x1e0 osram128x64x4.o
 .rodata.g_pucOSRAM128x64x4Init
                0x00010458       0x50 osram128x64x4.o
 .rodata.pucCommand1.4286
                0x000104a8        0x4 osram128x64x4.o
 .rodata.pucCommand1.4214
                0x000104ac        0x4 osram128x64x4.o
 .rodata.pucCommand2.4215
                0x000104b0        0x4 osram128x64x4.o
 .rodata.g_sFormike128x128x16
                0x000104b4       0x28 formike128x128x16.o
                0x000104b4                g_sFormike128x128x16
 .rodata        0x000104dc       0x14 formike128x128x16.o
 .rodata.C.4.5919
                0x000104f0        0x8 formike128x128x16.o
 .rodata        0x000104f8       0x1c ustdlib.o
 .rodata.g_pcHex
                0x00010514        0x4 ustdlib.o
 .rodata        0x00010518       0x30 ../../Common/Minimal/BlockQ.o
 .rodata        0x00010548       0x24 ../../Common/Minimal/blocktim.o
 .rodata.uxMaxNumberOfExtraTasksRunning
                0x0001056c        0x4 ../../Common/Minimal/death.o
 .rodata        0x00010570       0x18 ../../Common/Minimal/death.o
 .rodata        0x00010588        0x8 ../../Common/Minimal/integer.o
 .rodata        0x00010590       0x20 ../../Common/Minimal/PollQ.o
 .rodata        0x000105b0       0x40 ../../Common/Minimal/semtest.o
 .rodata        0x000105f0       0x40 ../../Common/Minimal/GenQTest.o
 .rodata        0x00010630       0x34 ../../Common/Minimal/QPeek.o
 .rodata        0x00010664       0x28 ../../Common/Minimal/recmutex.o
 .rodata        0x0001068c       0x40 ../../Common/Minimal/IntQueue.o
 .rodata        0x000106cc       0x10 ./webserver/uIP_Task.o
 .rodata        0x000106dc        0x4 ./webserver/emac.o
 .rodata        0x000106e0      0x154 ./webserver/httpd-cgi.o
 .rodata.file   0x00010834        0x8 ./webserver/httpd-cgi.o
 .rodata.tcp    0x0001083c        0x8 ./webserver/httpd-cgi.o
 .rodata.net    0x00010844        0x8 ./webserver/httpd-cgi.o
 .rodata.rtos   0x0001084c        0x8 ./webserver/httpd-cgi.o
 .rodata.run    0x00010854        0x8 ./webserver/httpd-cgi.o
 .rodata.io     0x0001085c        0x8 ./webserver/httpd-cgi.o
 .rodata.closed
                0x00010864        0x8 ./webserver/httpd-cgi.o
 .rodata.syn_rcvd
                0x0001086c        0xc ./webserver/httpd-cgi.o
 .rodata.syn_sent
                0x00010878        0xc ./webserver/httpd-cgi.o
 .rodata.established
                0x00010884        0xc ./webserver/httpd-cgi.o
 .rodata.fin_wait_1
                0x00010890        0xc ./webserver/httpd-cgi.o
 .rodata.fin_wait_2
                0x0001089c        0xc ./webserver/httpd-cgi.o
 .rodata.closing
                0x000108a8        0x8 ./webserver/httpd-cgi.o
 .rodata.time_wait
                0x000108b0        0xc ./webserver/httpd-cgi.o
 .rodata.last_ack
                0x000108bc        0xc ./webserver/httpd-cgi.o
 .rodata.data_404_html
                0x000108c8       0xac ./webserver/httpd-fs.o
 .rodata.data_index_html
                0x00010974      0x1a4 ./webserver/httpd-fs.o
 .rodata.data_index_shtml
                0x00010b18      0x348 ./webserver/httpd-fs.o
 .rodata.data_io_shtml
                0x00010e60      0x330 ./webserver/httpd-fs.o
 .rodata.data_runtime_shtml
                0x00011190      0x340 ./webserver/httpd-fs.o
 .rodata.data_stats_shtml
                0x000114d0      0x55c ./webserver/httpd-fs.o
 .rodata.data_tcp_shtml
                0x00011a2c      0x2d8 ./webserver/httpd-fs.o
 .rodata.file_404_html
                0x00011d04       0x14 ./webserver/httpd-fs.o
                0x00011d04                file_404_html
 .rodata.file_index_html
                0x00011d18       0x14 ./webserver/httpd-fs.o
                0x00011d18                file_index_html
 .rodata.file_index_shtml
                0x00011d2c       0x14 ./webserver/httpd-fs.o
                0x00011d2c                file_index_shtml
 .rodata.file_io_shtml
                0x00011d40       0x14 ./webserver/httpd-fs.o
                0x00011d40                file_io_shtml
 .rodata.file_runtime_shtml
                0x00011d54       0x14 ./webserver/httpd-fs.o
                0x00011d54                file_runtime_shtml
 .rodata.file_stats_shtml
                0x00011d68       0x14 ./webserver/httpd-fs.o
                0x00011d68                file_stats_shtml
 .rodata.file_tcp_shtml
                0x00011d7c       0x14 ./webserver/httpd-fs.o
                0x00011d7c                file_tcp_shtml
 .rodata.http_http
                0x00011d90        0x8 ./webserver/http-strings.o
                0x00011d90                http_http
 .rodata.http_200
                0x00011d98        0x8 ./webserver/http-strings.o
                0x00011d98                http_200
 .rodata.http_301
                0x00011da0        0x8 ./webserver/http-strings.o
                0x00011da0                http_301
 .rodata.http_302
                0x00011da8        0x8 ./webserver/http-strings.o
                0x00011da8                http_302
 .rodata.http_get
                0x00011db0        0x8 ./webserver/http-strings.o
                0x00011db0                http_get
 .rodata.http_10
                0x00011db8        0xc ./webserver/http-strings.o
                0x00011db8                http_10
 .rodata.http_11
                0x00011dc4        0xc ./webserver/http-strings.o
                0x00011dc4                http_11
 .rodata.http_content_type
                0x00011dd0       0x10 ./webserver/http-strings.o
                0x00011dd0                http_content_type
 .rodata.http_texthtml
                0x00011de0        0xc ./webserver/http-strings.o
                0x00011de0                http_texthtml
 .rodata.http_location
                0x00011dec        0xc ./webserver/http-strings.o
                0x00011dec                http_location
 .rodata.http_host
                0x00011df8        0x8 ./webserver/http-strings.o
                0x00011df8                http_host
 .rodata.http_crnl
                0x00011e00        0x4 ./webserver/http-strings.o
                0x00011e00                http_crnl
 .rodata.http_index_html
                0x00011e04        0xc ./webserver/http-strings.o
                0x00011e04                http_index_html
 .rodata.http_404_html
                0x00011e10        0xc ./webserver/http-strings.o
                0x00011e10                http_404_html
 .rodata.http_referer
                0x00011e1c        0xc ./webserver/http-strings.o
                0x00011e1c                http_referer
 .rodata.http_header_200
                0x00011e28       0x54 ./webserver/http-strings.o
                0x00011e28                http_header_200
 .rodata.http_header_404
                0x00011e7c       0x5c ./webserver/http-strings.o
                0x00011e7c                http_header_404
 .rodata.http_content_type_plain
                0x00011ed8       0x20 ./webserver/http-strings.o
                0x00011ed8                http_content_type_plain
 .rodata.http_content_type_html
                0x00011ef8       0x1c ./webserver/http-strings.o
                0x00011ef8                http_content_type_html
 .rodata.http_content_type_css
                0x00011f14       0x1c ./webserver/http-strings.o
                0x00011f14                http_content_type_css
 .rodata.http_content_type_text
                0x00011f30       0x1c ./webserver/http-strings.o
                0x00011f30                http_content_type_text
 .rodata.http_content_type_png
                0x00011f4c       0x1c ./webserver/http-strings.o
                0x00011f4c                http_content_type_png
 .rodata.http_content_type_gif
                0x00011f68       0x1c ./webserver/http-strings.o
                0x00011f68                http_content_type_gif
 .rodata.http_content_type_jpg
                0x00011f84       0x20 ./webserver/http-strings.o
                0x00011f84                http_content_type_jpg
 .rodata.http_content_type_binary
                0x00011fa4       0x2c ./webserver/http-strings.o
                0x00011fa4                http_content_type_binary
 .rodata.http_html
                0x00011fd0        0x8 ./webserver/http-strings.o
                0x00011fd0                http_html
 .rodata.http_shtml
                0x00011fd8        0x8 ./webserver/http-strings.o
                0x00011fd8                http_shtml
 .rodata.http_htm
                0x00011fe0        0x8 ./webserver/http-strings.o
                0x00011fe0                http_htm
 .rodata.http_css
                0x00011fe8        0x8 ./webserver/http-strings.o
                0x00011fe8                http_css
 .rodata.http_png
                0x00011ff0        0x8 ./webserver/http-strings.o
                0x00011ff0                http_png
 .rodata.http_gif
                0x00011ff8        0x8 ./webserver/http-strings.o
                0x00011ff8                http_gif
 .rodata.http_jpg
                0x00012000        0x8 ./webserver/http-strings.o
                0x00012000                http_jpg
 .rodata.http_text
                0x00012008        0x8 ./webserver/http-strings.o
                0x00012008                http_text
 .rodata.http_txt
                0x00012010        0x8 ./webserver/http-strings.o
                0x00012010                http_txt
 .rodata.broadcast_ethaddr
                0x00012018        0x8 ../../Common/ethernet/uIP/uip-1.0/uip/uip_arp.o
 .rodata.broadcast_ipaddr
                0x00012020        0x4 ../../Common/ethernet/uIP/uip-1.0/uip/uip_arp.o
 .rodata        0x00012024       0x14 ../../Common/ethernet/uIP/uip-1.0/uip/psock.o
 .rodata.all_ones_addr
                0x00012038        0x4 ../../Common/ethernet/uIP/uip-1.0/uip/uip.o
 .rodata.all_zeroes_addr
                0x0001203c        0x4 ../../Common/ethernet/uIP/uip-1.0/uip/uip.o
 .rodata        0x00012040       0x50 ../../../Source/tasks.o
 .rodata.ucExpectedStackBytes.5775
                0x00012090       0x14 ../../../Source/tasks.o
 .rodata.ulKernelPriority
                0x000120a4        0x4 ../../../Source/portable/GCC/ARM_CM3/port.o
                0x000120a4                ulKernelPriority
 .rodata.heapSTRUCT_SIZE
                0x000120a8        0x2 ../../../Source/portable/MemMang/heap_2.o
 *fill*         0x000120aa        0x2 00
 .rodata.g_pulFMPPERegs
                0x000120ac       0x10 ../../Common/drivers/LuminaryMicro/arm-none-eabi-gcc/libdriver.a(flash.o)
 .rodata.g_pulFMPRERegs
                0x000120bc       0x10 ../../Common/drivers/LuminaryMicro/arm-none-eabi-gcc/libdriver.a(flash.o)
 .rodata.CSWTCH.4
                0x000120cc        0x3 ../../Common/drivers/LuminaryMicro/arm-none-eabi-gcc/libdriver.a(flash.o)
 *fill*         0x000120cf        0x1 00
 .rodata.g_pulGPIOBaseAddrs
                0x000120d0       0x48 ../../Common/drivers/LuminaryMicro/arm-none-eabi-gcc/libdriver.a(gpio.o)
 .rodata.g_pulPriority
                0x00012118       0x20 ../../Common/drivers/LuminaryMicro/arm-none-eabi-gcc/libdriver.a(interrupt.o)
 .rodata.g_pulRegs
                0x00012138       0x48 ../../Common/drivers/LuminaryMicro/arm-none-eabi-gcc/libdriver.a(interrupt.o)
 .rodata.g_pulDCRegs
                0x00012180       0x10 ../../Common/drivers/LuminaryMicro/arm-none-eabi-gcc/libdriver.a(sysctl.o)
 .rodata.g_pulXtals
                0x00012190       0x5c ../../Common/drivers/LuminaryMicro/arm-none-eabi-gcc/libdriver.a(sysctl.o)
 .rodata.g_pulDCGCRegs
                0x000121ec        0xc ../../Common/drivers/LuminaryMicro/arm-none-eabi-gcc/libdriver.a(sysctl.o)
 .rodata.g_pulRCGCRegs
                0x000121f8        0xc ../../Common/drivers/LuminaryMicro/arm-none-eabi-gcc/libdriver.a(sysctl.o)
 .rodata.g_pulSCGCRegs
                0x00012204        0xc ../../Common/drivers/LuminaryMicro/arm-none-eabi-gcc/libdriver.a(sysctl.o)
 .rodata.g_pulSRCRRegs
                0x00012210        0xc ../../Common/drivers/LuminaryMicro/arm-none-eabi-gcc/libdriver.a(sysctl.o)
 .rodata.g_sFontCmss12
                0x0001221c       0xc8 ../../Common/drivers/LuminaryMicro/arm-none-eabi-gcc/libgr.a(fontcmss12.o)
                0x0001221c                g_sFontCmss12
 .rodata.g_pucCmss12Data
                0x000122e4      0x514 ../../Common/drivers/LuminaryMicro/arm-none-eabi-gcc/libgr.a(fontcmss12.o)
                0x000127f8                _etext = .

.glue_7         0x000127f8        0x0
 .glue_7        0x00000000        0x0 linker stubs

.glue_7t        0x000127f8        0x0
 .glue_7t       0x00000000        0x0 linker stubs

.vfp11_veneer   0x000127f8        0x0
 .vfp11_veneer  0x00000000        0x0 linker stubs

.v4_bx          0x000127f8        0x0
 .v4_bx         0x00000000        0x0 linker stubs

.data           0x20000000      0x178 load address 0x000127f8
                0x20000000                _data = .
 *(vtable)
 vtable         0x20000000      0x11c ../../Common/drivers/LuminaryMicro/arm-none-eabi-gcc/libdriver.a(interrupt.o)
 *(.data*)
 .data          0x2000011c        0x0 main.o
 .data.xMessage.5681
                0x2000011c        0x4 main.o
 .data          0x20000120        0x0 timertest.o
 .data          0x20000120        0x0 ./ParTest/ParTest.o
 .data          0x20000120        0x0 rit128x96x4.o